[
    Statement {
        kind: FullOpeningTag(
            FullOpeningTagStatement {
                span: Span {
                    start: 0,
                    end: 5,
                },
            },
        ),
        span: Span {
            start: 0,
            end: 5,
        },
        comments: CommentGroup {
            comments: [],
        },
    },
    Statement {
        kind: Namespace(
            Braced(
                BracedNamespace {
                    span: Span {
                        start: 7,
                        end: 29,
                    },
                    namespace: Span {
                        start: 7,
                        end: 16,
                    },
                    name: Some(
                        Name {
                            kind: Resolved(
                                ResolvedName {
                                    span: Span {
                                        start: 17,
                                        end: 20,
                                    },
                                    resolved: Symbol("Foo"),
                                    original: Symbol("Foo"),
                                },
                            ),
                            span: Span {
                                start: 17,
                                end: 20,
                            },
                        },
                    ),
                    body: BracedNamespaceBody {
                        span: Span {
                            start: 21,
                            end: 29,
                        },
                        start: Span {
                            start: 21,
                            end: 22,
                        },
                        end: Span {
                            start: 28,
                            end: 29,
                        },
                        statements: [],
                    },
                },
            ),
        ),
        span: Span {
            start: 7,
            end: 29,
        },
        comments: CommentGroup {
            comments: [],
        },
    },
]
---
