[
    Statement {
        kind: FullOpeningTag(
            FullOpeningTagStatement {
                span: Span {
                    start: 0,
                    end: 5,
                },
            },
        ),
        span: Span {
            start: 0,
            end: 5,
        },
        comments: CommentGroup {
            comments: [],
        },
    },
    Statement {
        kind: Class(
            ClassStatement {
                span: Span {
                    start: 7,
                    end: 39,
                },
                attributes: [],
                modifiers: ClassModifierGroup {
                    span: Span {
                        start: 0,
                        end: 0,
                    },
                    modifiers: [],
                },
                class: Span {
                    start: 7,
                    end: 12,
                },
                name: Name {
                    kind: Resolved(
                        ResolvedName {
                            span: Span {
                                start: 13,
                                end: 16,
                            },
                            resolved: Symbol("Foo"),
                            original: Symbol("Foo"),
                        },
                    ),
                    span: Span {
                        start: 13,
                        end: 16,
                    },
                },
                extends: None,
                implements: None,
                body: ClassBody {
                    span: Span {
                        start: 17,
                        end: 39,
                    },
                    left_brace: Span {
                        start: 17,
                        end: 18,
                    },
                    members: [
                        Constant(
                            ClassishConstant {
                                span: Span {
                                    start: 23,
                                    end: 37,
                                },
                                comments: CommentGroup {
                                    comments: [],
                                },
                                attributes: [],
                                modifiers: ConstantModifierGroup {
                                    span: Span {
                                        start: 0,
                                        end: 0,
                                    },
                                    modifiers: [],
                                },
                                const: Span {
                                    start: 23,
                                    end: 28,
                                },
                                data_type: None,
                                entries: [
                                    ClassishConstantEntry {
                                        span: Span {
                                            start: 29,
                                            end: 36,
                                        },
                                        name: SimpleIdentifier {
                                            symbol: Symbol("FOO"),
                                            span: Span {
                                                start: 29,
                                                end: 32,
                                            },
                                        },
                                        equals: Span {
                                            start: 33,
                                            end: 34,
                                        },
                                        value: Expression {
                                            kind: Literal(
                                                Literal {
                                                    span: Span {
                                                        start: 35,
                                                        end: 36,
                                                    },
                                                    kind: Integer,
                                                    token: Token {
                                                        kind: LiteralInteger,
                                                        span: Span {
                                                            start: 35,
                                                            end: 36,
                                                        },
                                                        symbol: Some(
                                                            Symbol("1"),
                                                        ),
                                                    },
                                                },
                                            ),
                                            span: Span {
                                                start: 35,
                                                end: 36,
                                            },
                                            comments: CommentGroup {
                                                comments: [],
                                            },
                                        },
                                    },
                                ],
                                semicolon: Span {
                                    start: 36,
                                    end: 37,
                                },
                            },
                        ),
                    ],
                    right_brace: Span {
                        start: 38,
                        end: 39,
                    },
                },
            },
        ),
        span: Span {
            start: 7,
            end: 39,
        },
        comments: CommentGroup {
            comments: [],
        },
    },
]
---
