[
    Statement {
        id: 2,
        kind: FullOpeningTag(
            FullOpeningTagStatement {
                span: Span {
                    start: 0,
                    end: 5,
                },
            },
        ),
        span: Span {
            start: 0,
            end: 5,
        },
        comments: CommentGroup {
            comments: [],
        },
    },
    Statement {
        id: 9,
        kind: Class(
            ClassStatement {
                attributes: [],
                modifiers: ClassModifierGroup {
                    modifiers: [],
                },
                class: Span {
                    start: 7,
                    end: 12,
                },
                name: SimpleIdentifier {
                    id: 3,
                    symbol: Symbol("Foo"),
                    span: Span {
                        start: 13,
                        end: 16,
                    },
                },
                extends: None,
                implements: None,
                body: ClassBody {
                    left_brace: Span {
                        start: 17,
                        end: 18,
                    },
                    members: [
                        TraitUsage(
                            TraitUsage {
                                use: Span {
                                    start: 23,
                                    end: 26,
                                },
                                traits: [
                                    SimpleIdentifier {
                                        id: 4,
                                        symbol: Symbol("Bar"),
                                        span: Span {
                                            start: 27,
                                            end: 30,
                                        },
                                    },
                                    SimpleIdentifier {
                                        id: 5,
                                        symbol: Symbol("Baz"),
                                        span: Span {
                                            start: 32,
                                            end: 35,
                                        },
                                    },
                                ],
                                adaptations: [
                                    Precedence {
                                        trait: Some(
                                            SimpleIdentifier {
                                                id: 6,
                                                symbol: Symbol("Bar"),
                                                span: Span {
                                                    start: 46,
                                                    end: 49,
                                                },
                                            },
                                        ),
                                        method: SimpleIdentifier {
                                            id: 7,
                                            symbol: Symbol("a"),
                                            span: Span {
                                                start: 51,
                                                end: 52,
                                            },
                                        },
                                        insteadof: [
                                            SimpleIdentifier {
                                                id: 8,
                                                symbol: Symbol("Baz"),
                                                span: Span {
                                                    start: 63,
                                                    end: 66,
                                                },
                                            },
                                        ],
                                    },
                                ],
                            },
                        ),
                    ],
                    right_brace: Span {
                        start: 74,
                        end: 75,
                    },
                },
            },
        ),
        span: Span {
            start: 7,
            end: 75,
        },
        comments: CommentGroup {
            comments: [],
        },
    },
]
---
