[
    Statement {
        id: 2,
        kind: FullOpeningTag(
            FullOpeningTagStatement {
                span: Span {
                    start: Position {
                        offset: 0,
                        line: 1,
                        column: 0,
                    },
                    end: Position {
                        offset: 5,
                        line: 1,
                        column: 5,
                    },
                },
            },
        ),
        span: Span {
            start: Position {
                offset: 0,
                line: 1,
                column: 0,
            },
            end: Position {
                offset: 5,
                line: 1,
                column: 5,
            },
        },
        comments: CommentGroup {
            comments: [],
        },
    },
    Statement {
        id: 9,
        kind: Class(
            ClassStatement {
                attributes: [],
                modifiers: ClassModifierGroup {
                    modifiers: [],
                },
                class: Span {
                    start: Position {
                        offset: 7,
                        line: 3,
                        column: 1,
                    },
                    end: Position {
                        offset: 12,
                        line: 3,
                        column: 6,
                    },
                },
                name: SimpleIdentifier {
                    id: 3,
                    symbol: Symbol("Foo"),
                    parts: [
                        Symbol("Foo"),
                    ],
                    span: Span {
                        start: Position {
                            offset: 13,
                            line: 3,
                            column: 7,
                        },
                        end: Position {
                            offset: 16,
                            line: 3,
                            column: 10,
                        },
                    },
                },
                extends: None,
                implements: None,
                body: ClassBody {
                    left_brace: Span {
                        start: Position {
                            offset: 17,
                            line: 4,
                            column: 1,
                        },
                        end: Position {
                            offset: 18,
                            line: 4,
                            column: 2,
                        },
                    },
                    members: [
                        TraitUsage(
                            TraitUsage {
                                use: Span {
                                    start: Position {
                                        offset: 23,
                                        line: 5,
                                        column: 5,
                                    },
                                    end: Position {
                                        offset: 26,
                                        line: 5,
                                        column: 8,
                                    },
                                },
                                traits: [
                                    SimpleIdentifier {
                                        id: 4,
                                        symbol: Symbol("Bar"),
                                        parts: [
                                            Symbol("Bar"),
                                        ],
                                        span: Span {
                                            start: Position {
                                                offset: 27,
                                                line: 5,
                                                column: 9,
                                            },
                                            end: Position {
                                                offset: 30,
                                                line: 5,
                                                column: 12,
                                            },
                                        },
                                    },
                                    SimpleIdentifier {
                                        id: 5,
                                        symbol: Symbol("Baz"),
                                        parts: [
                                            Symbol("Baz"),
                                        ],
                                        span: Span {
                                            start: Position {
                                                offset: 32,
                                                line: 5,
                                                column: 14,
                                            },
                                            end: Position {
                                                offset: 35,
                                                line: 5,
                                                column: 17,
                                            },
                                        },
                                    },
                                ],
                                adaptations: [
                                    Precedence {
                                        trait: Some(
                                            SimpleIdentifier {
                                                id: 6,
                                                symbol: Symbol("Bar"),
                                                parts: [
                                                    Symbol("Bar"),
                                                ],
                                                span: Span {
                                                    start: Position {
                                                        offset: 46,
                                                        line: 6,
                                                        column: 9,
                                                    },
                                                    end: Position {
                                                        offset: 49,
                                                        line: 6,
                                                        column: 12,
                                                    },
                                                },
                                            },
                                        ),
                                        method: SimpleIdentifier {
                                            id: 7,
                                            symbol: Symbol("a"),
                                            parts: [
                                                Symbol("a"),
                                            ],
                                            span: Span {
                                                start: Position {
                                                    offset: 51,
                                                    line: 6,
                                                    column: 14,
                                                },
                                                end: Position {
                                                    offset: 52,
                                                    line: 6,
                                                    column: 15,
                                                },
                                            },
                                        },
                                        insteadof: [
                                            SimpleIdentifier {
                                                id: 8,
                                                symbol: Symbol("Baz"),
                                                parts: [
                                                    Symbol("Baz"),
                                                ],
                                                span: Span {
                                                    start: Position {
                                                        offset: 63,
                                                        line: 6,
                                                        column: 26,
                                                    },
                                                    end: Position {
                                                        offset: 66,
                                                        line: 6,
                                                        column: 29,
                                                    },
                                                },
                                            },
                                        ],
                                    },
                                ],
                            },
                        ),
                    ],
                    right_brace: Span {
                        start: Position {
                            offset: 74,
                            line: 8,
                            column: 1,
                        },
                        end: Position {
                            offset: 75,
                            line: 8,
                            column: 2,
                        },
                    },
                },
            },
        ),
        span: Span {
            start: Position {
                offset: 7,
                line: 3,
                column: 1,
            },
            end: Position {
                offset: 75,
                line: 8,
                column: 2,
            },
        },
        comments: CommentGroup {
            comments: [],
        },
    },
]
---
