[
    Statement {
        id: 2,
        kind: FullOpeningTag(
            FullOpeningTagStatement {
                span: Span {
                    start: 0,
                    end: 5,
                },
            },
        ),
        span: Span {
            start: 0,
            end: 5,
        },
        comments: CommentGroup {
            comments: [],
        },
    },
    Statement {
        id: 14,
        kind: Class(
            ClassStatement {
                attributes: [],
                modifiers: ClassModifierGroup {
                    modifiers: [],
                },
                class: Span {
                    start: 7,
                    end: 12,
                },
                name: SimpleIdentifier {
                    id: 3,
                    symbol: Symbol("Foo"),
                    parts: [
                        Symbol("Foo"),
                    ],
                    qualification: Unqualified,
                    span: Span {
                        start: 13,
                        end: 16,
                    },
                },
                extends: None,
                implements: None,
                body: ClassBody {
                    left_brace: Span {
                        start: 17,
                        end: 18,
                    },
                    members: [
                        Constant(
                            ClassishConstant {
                                comments: CommentGroup {
                                    comments: [],
                                },
                                attributes: [],
                                modifiers: ConstantModifierGroup {
                                    modifiers: [],
                                },
                                const: Span {
                                    start: 23,
                                    end: 28,
                                },
                                data_type: None,
                                entries: [
                                    ConstantEntry {
                                        name: SimpleIdentifier {
                                            id: 4,
                                            symbol: Symbol("A"),
                                            parts: [
                                                Symbol("A"),
                                            ],
                                            qualification: Unqualified,
                                            span: Span {
                                                start: 29,
                                                end: 30,
                                            },
                                        },
                                        equals: Span {
                                            start: 31,
                                            end: 32,
                                        },
                                        value: Expression {
                                            id: 5,
                                            kind: Literal(
                                                Literal {
                                                    kind: Integer,
                                                    token: Token {
                                                        kind: LiteralInteger,
                                                        span: Span {
                                                            start: 33,
                                                            end: 34,
                                                        },
                                                        symbol: Some(
                                                            Symbol("1"),
                                                        ),
                                                    },
                                                },
                                            ),
                                            span: Span {
                                                start: 33,
                                                end: 34,
                                            },
                                            comments: CommentGroup {
                                                comments: [],
                                            },
                                        },
                                    },
                                ],
                                semicolon: Span {
                                    start: 34,
                                    end: 35,
                                },
                            },
                        ),
                        Constant(
                            ClassishConstant {
                                comments: CommentGroup {
                                    comments: [],
                                },
                                attributes: [],
                                modifiers: ConstantModifierGroup {
                                    modifiers: [
                                        Public(
                                            Span {
                                                start: 40,
                                                end: 46,
                                            },
                                        ),
                                    ],
                                },
                                const: Span {
                                    start: 47,
                                    end: 52,
                                },
                                data_type: None,
                                entries: [
                                    ConstantEntry {
                                        name: SimpleIdentifier {
                                            id: 6,
                                            symbol: Symbol("B"),
                                            parts: [
                                                Symbol("B"),
                                            ],
                                            qualification: Unqualified,
                                            span: Span {
                                                start: 53,
                                                end: 54,
                                            },
                                        },
                                        equals: Span {
                                            start: 55,
                                            end: 56,
                                        },
                                        value: Expression {
                                            id: 7,
                                            kind: Literal(
                                                Literal {
                                                    kind: Integer,
                                                    token: Token {
                                                        kind: LiteralInteger,
                                                        span: Span {
                                                            start: 57,
                                                            end: 58,
                                                        },
                                                        symbol: Some(
                                                            Symbol("2"),
                                                        ),
                                                    },
                                                },
                                            ),
                                            span: Span {
                                                start: 57,
                                                end: 58,
                                            },
                                            comments: CommentGroup {
                                                comments: [],
                                            },
                                        },
                                    },
                                ],
                                semicolon: Span {
                                    start: 58,
                                    end: 59,
                                },
                            },
                        ),
                        Constant(
                            ClassishConstant {
                                comments: CommentGroup {
                                    comments: [],
                                },
                                attributes: [],
                                modifiers: ConstantModifierGroup {
                                    modifiers: [
                                        Protected(
                                            Span {
                                                start: 64,
                                                end: 73,
                                            },
                                        ),
                                    ],
                                },
                                const: Span {
                                    start: 74,
                                    end: 79,
                                },
                                data_type: None,
                                entries: [
                                    ConstantEntry {
                                        name: SimpleIdentifier {
                                            id: 8,
                                            symbol: Symbol("C"),
                                            parts: [
                                                Symbol("C"),
                                            ],
                                            qualification: Unqualified,
                                            span: Span {
                                                start: 80,
                                                end: 81,
                                            },
                                        },
                                        equals: Span {
                                            start: 82,
                                            end: 83,
                                        },
                                        value: Expression {
                                            id: 9,
                                            kind: Literal(
                                                Literal {
                                                    kind: Integer,
                                                    token: Token {
                                                        kind: LiteralInteger,
                                                        span: Span {
                                                            start: 84,
                                                            end: 85,
                                                        },
                                                        symbol: Some(
                                                            Symbol("3"),
                                                        ),
                                                    },
                                                },
                                            ),
                                            span: Span {
                                                start: 84,
                                                end: 85,
                                            },
                                            comments: CommentGroup {
                                                comments: [],
                                            },
                                        },
                                    },
                                ],
                                semicolon: Span {
                                    start: 85,
                                    end: 86,
                                },
                            },
                        ),
                        Constant(
                            ClassishConstant {
                                comments: CommentGroup {
                                    comments: [],
                                },
                                attributes: [],
                                modifiers: ConstantModifierGroup {
                                    modifiers: [
                                        Private(
                                            Span {
                                                start: 91,
                                                end: 98,
                                            },
                                        ),
                                    ],
                                },
                                const: Span {
                                    start: 99,
                                    end: 104,
                                },
                                data_type: None,
                                entries: [
                                    ConstantEntry {
                                        name: SimpleIdentifier {
                                            id: 10,
                                            symbol: Symbol("D"),
                                            parts: [
                                                Symbol("D"),
                                            ],
                                            qualification: Unqualified,
                                            span: Span {
                                                start: 105,
                                                end: 106,
                                            },
                                        },
                                        equals: Span {
                                            start: 107,
                                            end: 108,
                                        },
                                        value: Expression {
                                            id: 11,
                                            kind: Literal(
                                                Literal {
                                                    kind: Integer,
                                                    token: Token {
                                                        kind: LiteralInteger,
                                                        span: Span {
                                                            start: 109,
                                                            end: 110,
                                                        },
                                                        symbol: Some(
                                                            Symbol("4"),
                                                        ),
                                                    },
                                                },
                                            ),
                                            span: Span {
                                                start: 109,
                                                end: 110,
                                            },
                                            comments: CommentGroup {
                                                comments: [],
                                            },
                                        },
                                    },
                                ],
                                semicolon: Span {
                                    start: 110,
                                    end: 111,
                                },
                            },
                        ),
                        Constant(
                            ClassishConstant {
                                comments: CommentGroup {
                                    comments: [],
                                },
                                attributes: [],
                                modifiers: ConstantModifierGroup {
                                    modifiers: [],
                                },
                                const: Span {
                                    start: 116,
                                    end: 121,
                                },
                                data_type: None,
                                entries: [
                                    ConstantEntry {
                                        name: SimpleIdentifier {
                                            id: 12,
                                            symbol: Symbol("E"),
                                            parts: [
                                                Symbol("E"),
                                            ],
                                            qualification: Unqualified,
                                            span: Span {
                                                start: 122,
                                                end: 123,
                                            },
                                        },
                                        equals: Span {
                                            start: 124,
                                            end: 125,
                                        },
                                        value: Expression {
                                            id: 13,
                                            kind: Literal(
                                                Literal {
                                                    kind: Integer,
                                                    token: Token {
                                                        kind: LiteralInteger,
                                                        span: Span {
                                                            start: 126,
                                                            end: 127,
                                                        },
                                                        symbol: Some(
                                                            Symbol("5"),
                                                        ),
                                                    },
                                                },
                                            ),
                                            span: Span {
                                                start: 126,
                                                end: 127,
                                            },
                                            comments: CommentGroup {
                                                comments: [],
                                            },
                                        },
                                    },
                                ],
                                semicolon: Span {
                                    start: 127,
                                    end: 128,
                                },
                            },
                        ),
                    ],
                    right_brace: Span {
                        start: 129,
                        end: 130,
                    },
                },
            },
        ),
        span: Span {
            start: 7,
            end: 130,
        },
        comments: CommentGroup {
            comments: [],
        },
    },
]
---
