[
    Statement {
        kind: FullOpeningTag(
            FullOpeningTagStatement {
                span: Span {
                    start: 0,
                    end: 5,
                },
            },
        ),
        span: Span {
            start: 0,
            end: 5,
        },
        comments: CommentGroup {
            comments: [],
        },
    },
    Statement {
        kind: UnitEnum(
            UnitEnumStatement {
                attributes: [],
                enum: Span {
                    start: 7,
                    end: 11,
                },
                name: Name {
                    kind: Resolved(
                        ResolvedName {
                            resolved: Symbol("Foo"),
                            original: Symbol("Foo"),
                        },
                    ),
                    span: Span {
                        start: 12,
                        end: 15,
                    },
                },
                implements: [
                    Name {
                        kind: Resolved(
                            ResolvedName {
                                resolved: Symbol("Bar"),
                                original: Symbol("Bar"),
                            },
                        ),
                        span: Span {
                            start: 27,
                            end: 30,
                        },
                    },
                ],
                body: UnitEnumBody {
                    left_brace: Span {
                        start: 31,
                        end: 32,
                    },
                    members: [],
                    right_brace: Span {
                        start: 32,
                        end: 33,
                    },
                },
            },
        ),
        span: Span {
            start: 7,
            end: 33,
        },
        comments: CommentGroup {
            comments: [],
        },
    },
]
---
