[
    Statement {
        id: 2,
        kind: FullOpeningTag(
            FullOpeningTagStatement {
                span: Span {
                    start: Position {
                        offset: 0,
                        line: 1,
                        column: 0,
                    },
                    end: Position {
                        offset: 5,
                        line: 1,
                        column: 5,
                    },
                },
            },
        ),
        span: Span {
            start: Position {
                offset: 0,
                line: 1,
                column: 0,
            },
            end: Position {
                offset: 5,
                line: 1,
                column: 5,
            },
        },
        comments: CommentGroup {
            comments: [],
        },
    },
    Statement {
        id: 4,
        kind: Class(
            ClassStatement {
                attributes: [],
                modifiers: ClassModifierGroup {
                    modifiers: [
                        Final(
                            Span {
                                start: Position {
                                    offset: 7,
                                    line: 3,
                                    column: 1,
                                },
                                end: Position {
                                    offset: 12,
                                    line: 3,
                                    column: 6,
                                },
                            },
                        ),
                    ],
                },
                class: Span {
                    start: Position {
                        offset: 13,
                        line: 3,
                        column: 7,
                    },
                    end: Position {
                        offset: 18,
                        line: 3,
                        column: 12,
                    },
                },
                name: SimpleIdentifier {
                    id: 3,
                    symbol: Symbol("Foo"),
                    parts: [
                        Symbol("Foo"),
                    ],
                    span: Span {
                        start: Position {
                            offset: 19,
                            line: 3,
                            column: 13,
                        },
                        end: Position {
                            offset: 22,
                            line: 3,
                            column: 16,
                        },
                    },
                },
                extends: None,
                implements: None,
                body: ClassBody {
                    left_brace: Span {
                        start: Position {
                            offset: 23,
                            line: 3,
                            column: 17,
                        },
                        end: Position {
                            offset: 24,
                            line: 3,
                            column: 18,
                        },
                    },
                    members: [],
                    right_brace: Span {
                        start: Position {
                            offset: 24,
                            line: 3,
                            column: 18,
                        },
                        end: Position {
                            offset: 25,
                            line: 3,
                            column: 19,
                        },
                    },
                },
            },
        ),
        span: Span {
            start: Position {
                offset: 7,
                line: 3,
                column: 1,
            },
            end: Position {
                offset: 25,
                line: 3,
                column: 19,
            },
        },
        comments: CommentGroup {
            comments: [],
        },
    },
]
---
