[
    Statement {
        kind: FullOpeningTag(
            FullOpeningTagStatement {
                span: Span {
                    start: 0,
                    end: 5,
                },
            },
        ),
        span: Span {
            start: 0,
            end: 5,
        },
        comments: CommentGroup {
            comments: [],
        },
    },
    Statement {
        kind: For(
            ForStatement {
                for: Span {
                    start: 7,
                    end: 10,
                },
                left_parenthesis: Span {
                    start: 11,
                    end: 12,
                },
                iterator: ForStatementIterator {
                    initializations: CommaSeparated {
                        inner: [
                            Expression {
                                kind: AssignmentOperation(
                                    Assign {
                                        left: Expression {
                                            kind: Variable(
                                                SimpleVariable(
                                                    SimpleVariable {
                                                        symbol: Symbol("$i"),
                                                        span: Span {
                                                            start: 12,
                                                            end: 14,
                                                        },
                                                    },
                                                ),
                                            ),
                                            span: Span {
                                                start: 12,
                                                end: 14,
                                            },
                                            comments: CommentGroup {
                                                comments: [],
                                            },
                                        },
                                        equals: Span {
                                            start: 15,
                                            end: 16,
                                        },
                                        right: Expression {
                                            kind: Literal(
                                                Literal {
                                                    kind: Integer,
                                                    token: Token {
                                                        kind: LiteralInteger,
                                                        span: Span {
                                                            start: 17,
                                                            end: 18,
                                                        },
                                                        symbol: Some(
                                                            Symbol("0"),
                                                        ),
                                                    },
                                                },
                                            ),
                                            span: Span {
                                                start: 17,
                                                end: 18,
                                            },
                                            comments: CommentGroup {
                                                comments: [],
                                            },
                                        },
                                    },
                                ),
                                span: Span {
                                    start: 17,
                                    end: 18,
                                },
                                comments: CommentGroup {
                                    comments: [],
                                },
                            },
                        ],
                        commas: [],
                    },
                    initializations_semicolon: Span {
                        start: 18,
                        end: 19,
                    },
                    conditions: CommaSeparated {
                        inner: [
                            Expression {
                                kind: ComparisonOperation(
                                    LessThan {
                                        left: Expression {
                                            kind: Variable(
                                                SimpleVariable(
                                                    SimpleVariable {
                                                        symbol: Symbol("$i"),
                                                        span: Span {
                                                            start: 20,
                                                            end: 22,
                                                        },
                                                    },
                                                ),
                                            ),
                                            span: Span {
                                                start: 20,
                                                end: 22,
                                            },
                                            comments: CommentGroup {
                                                comments: [],
                                            },
                                        },
                                        less_than: Span {
                                            start: 23,
                                            end: 24,
                                        },
                                        right: Expression {
                                            kind: Literal(
                                                Literal {
                                                    kind: Integer,
                                                    token: Token {
                                                        kind: LiteralInteger,
                                                        span: Span {
                                                            start: 25,
                                                            end: 27,
                                                        },
                                                        symbol: Some(
                                                            Symbol("10"),
                                                        ),
                                                    },
                                                },
                                            ),
                                            span: Span {
                                                start: 25,
                                                end: 27,
                                            },
                                            comments: CommentGroup {
                                                comments: [],
                                            },
                                        },
                                    },
                                ),
                                span: Span {
                                    start: 25,
                                    end: 27,
                                },
                                comments: CommentGroup {
                                    comments: [],
                                },
                            },
                        ],
                        commas: [],
                    },
                    conditions_semicolon: Span {
                        start: 27,
                        end: 28,
                    },
                    loop: CommaSeparated {
                        inner: [
                            Expression {
                                kind: ArithmeticOperation(
                                    PostIncrement {
                                        left: Expression {
                                            kind: Variable(
                                                SimpleVariable(
                                                    SimpleVariable {
                                                        symbol: Symbol("$i"),
                                                        span: Span {
                                                            start: 29,
                                                            end: 31,
                                                        },
                                                    },
                                                ),
                                            ),
                                            span: Span {
                                                start: 29,
                                                end: 31,
                                            },
                                            comments: CommentGroup {
                                                comments: [],
                                            },
                                        },
                                        increment: Span {
                                            start: 31,
                                            end: 33,
                                        },
                                    },
                                ),
                                span: Span {
                                    start: 31,
                                    end: 33,
                                },
                                comments: CommentGroup {
                                    comments: [],
                                },
                            },
                        ],
                        commas: [],
                    },
                },
                right_parenthesis: Span {
                    start: 33,
                    end: 34,
                },
                body: Statement {
                    statement: Statement {
                        kind: Block(
                            BlockStatement {
                                left_brace: Span {
                                    start: 35,
                                    end: 36,
                                },
                                statements: [
                                    Statement {
                                        kind: Echo(
                                            EchoStatement {
                                                echo: Span {
                                                    start: 41,
                                                    end: 45,
                                                },
                                                values: [
                                                    Expression {
                                                        kind: Variable(
                                                            SimpleVariable(
                                                                SimpleVariable {
                                                                    symbol: Symbol("$i"),
                                                                    span: Span {
                                                                        start: 46,
                                                                        end: 48,
                                                                    },
                                                                },
                                                            ),
                                                        ),
                                                        span: Span {
                                                            start: 46,
                                                            end: 48,
                                                        },
                                                        comments: CommentGroup {
                                                            comments: [],
                                                        },
                                                    },
                                                ],
                                                ending: Semicolon(
                                                    Span {
                                                        start: 48,
                                                        end: 49,
                                                    },
                                                ),
                                            },
                                        ),
                                        span: Span {
                                            start: 41,
                                            end: 49,
                                        },
                                        comments: CommentGroup {
                                            comments: [],
                                        },
                                    },
                                ],
                                right_brace: Span {
                                    start: 50,
                                    end: 51,
                                },
                            },
                        ),
                        span: Span {
                            start: 35,
                            end: 51,
                        },
                        comments: CommentGroup {
                            comments: [],
                        },
                    },
                },
            },
        ),
        span: Span {
            start: 7,
            end: 51,
        },
        comments: CommentGroup {
            comments: [],
        },
    },
]
---
