[
    Statement {
        kind: FullOpeningTag(
            FullOpeningTagStatement {
                span: Span {
                    start: 0,
                    end: 5,
                },
            },
        ),
        span: Span {
            start: 0,
            end: 5,
        },
        comments: CommentGroup {
            comments: [],
        },
    },
    Statement {
        kind: Foreach(
            ForeachStatement {
                span: Span {
                    start: 7,
                    end: 44,
                },
                foreach: Span {
                    start: 7,
                    end: 14,
                },
                left_parenthesis: Span {
                    start: 15,
                    end: 16,
                },
                iterator: Value {
                    span: Span {
                        start: 16,
                        end: 32,
                    },
                    expression: Expression {
                        kind: Variable(
                            SimpleVariable(
                                SimpleVariable {
                                    symbol: Symbol("$array"),
                                    stripped: Symbol("array"),
                                    span: Span {
                                        start: 16,
                                        end: 22,
                                    },
                                },
                            ),
                        ),
                        span: Span {
                            start: 16,
                            end: 22,
                        },
                        comments: CommentGroup {
                            comments: [],
                        },
                    },
                    as: Span {
                        start: 23,
                        end: 25,
                    },
                    ampersand: None,
                    value: Expression {
                        kind: Variable(
                            SimpleVariable(
                                SimpleVariable {
                                    symbol: Symbol("$value"),
                                    stripped: Symbol("value"),
                                    span: Span {
                                        start: 26,
                                        end: 32,
                                    },
                                },
                            ),
                        ),
                        span: Span {
                            start: 26,
                            end: 32,
                        },
                        comments: CommentGroup {
                            comments: [],
                        },
                    },
                },
                right_parenthesis: Span {
                    start: 32,
                    end: 33,
                },
                body: Statement {
                    span: Span {
                        start: 34,
                        end: 44,
                    },
                    statement: Statement {
                        kind: Block(
                            BlockStatement {
                                span: Span {
                                    start: 34,
                                    end: 44,
                                },
                                left_brace: Span {
                                    start: 34,
                                    end: 35,
                                },
                                statements: [],
                                right_brace: Span {
                                    start: 43,
                                    end: 44,
                                },
                            },
                        ),
                        span: Span {
                            start: 34,
                            end: 44,
                        },
                        comments: CommentGroup {
                            comments: [],
                        },
                    },
                },
            },
        ),
        span: Span {
            start: 7,
            end: 44,
        },
        comments: CommentGroup {
            comments: [],
        },
    },
]
---
