[
    Statement {
        id: 2,
        kind: FullOpeningTag(
            FullOpeningTagStatement {
                id: 1,
                span: Span {
                    start: 0,
                    end: 5,
                },
            },
        ),
        span: Span {
            start: 0,
            end: 5,
        },
        comments: CommentGroup {
            comments: [],
        },
    },
    Statement {
        id: 7,
        kind: Use(
            UseStatement {
                id: 6,
                span: Span {
                    start: 7,
                    end: 28,
                },
                kind: Function,
                uses: [
                    Use {
                        id: 5,
                        span: Span {
                            start: 20,
                            end: 27,
                        },
                        name: Name {
                            id: 4,
                            kind: Resolved(
                                ResolvedName {
                                    id: 4,
                                    span: Span {
                                        start: 20,
                                        end: 27,
                                    },
                                    resolved: "Bar\foo",
                                    original: "Bar\foo",
                                },
                            ),
                            span: Span {
                                start: 20,
                                end: 27,
                            },
                        },
                        alias: None,
                        kind: None,
                    },
                ],
            },
        ),
        span: Span {
            start: 7,
            end: 28,
        },
        comments: CommentGroup {
            comments: [],
        },
    },
    Statement {
        id: 14,
        kind: Expression(
            ExpressionStatement {
                id: 13,
                span: Span {
                    start: 33,
                    end: 36,
                },
                expression: Expression {
                    id: 12,
                    kind: FunctionCall(
                        FunctionCallExpression {
                            id: 11,
                            span: Span {
                                start: 30,
                                end: 35,
                            },
                            target: Expression {
                                id: 9,
                                kind: Name(
                                    Name {
                                        id: 8,
                                        kind: Resolved(
                                            ResolvedName {
                                                id: 8,
                                                span: Span {
                                                    start: 30,
                                                    end: 33,
                                                },
                                                resolved: "Bar\foo",
                                                original: "foo",
                                            },
                                        ),
                                        span: Span {
                                            start: 30,
                                            end: 33,
                                        },
                                    },
                                ),
                                span: Span {
                                    start: 30,
                                    end: 33,
                                },
                                comments: CommentGroup {
                                    comments: [],
                                },
                            },
                            arguments: ArgumentList {
                                id: 10,
                                span: Span {
                                    start: 33,
                                    end: 35,
                                },
                                comments: CommentGroup {
                                    comments: [],
                                },
                                left_parenthesis: Span {
                                    start: 33,
                                    end: 34,
                                },
                                arguments: [],
                                right_parenthesis: Span {
                                    start: 34,
                                    end: 35,
                                },
                            },
                        },
                    ),
                    span: Span {
                        start: 33,
                        end: 35,
                    },
                    comments: CommentGroup {
                        comments: [],
                    },
                },
                ending: Semicolon(
                    Span {
                        start: 35,
                        end: 36,
                    },
                ),
            },
        ),
        span: Span {
            start: 33,
            end: 36,
        },
        comments: CommentGroup {
            comments: [],
        },
    },
]
---
