[
    Statement {
        kind: FullOpeningTag(
            FullOpeningTagStatement {
                span: Span {
                    start: 0,
                    end: 5,
                },
            },
        ),
        span: Span {
            start: 0,
            end: 5,
        },
        comments: CommentGroup {
            comments: [],
        },
    },
    Statement {
        kind: GroupUse(
            GroupUseStatement {
                prefix: SimpleIdentifier {
                    symbol: Symbol("Foo\"),
                    span: Span {
                        start: 11,
                        end: 15,
                    },
                },
                kind: Normal,
                uses: [
                    Use {
                        name: Name {
                            kind: Resolved(
                                ResolvedName {
                                    resolved: Symbol("Foo\\Bar"),
                                    original: Symbol("Bar"),
                                },
                            ),
                            span: Span {
                                start: 21,
                                end: 24,
                            },
                        },
                        alias: None,
                        kind: None,
                    },
                    Use {
                        name: Name {
                            kind: Resolved(
                                ResolvedName {
                                    resolved: Symbol("Foo\\Baz"),
                                    original: Symbol("Baz"),
                                },
                            ),
                            span: Span {
                                start: 30,
                                end: 33,
                            },
                        },
                        alias: None,
                        kind: None,
                    },
                ],
            },
        ),
        span: Span {
            start: 7,
            end: 36,
        },
        comments: CommentGroup {
            comments: [],
        },
    },
]
---
