[
    Statement {
        kind: FullOpeningTag(
            FullOpeningTagStatement {
                span: Span {
                    start: 0,
                    end: 5,
                },
            },
        ),
        span: Span {
            start: 0,
            end: 5,
        },
        comments: CommentGroup {
            comments: [],
        },
    },
    Statement {
        kind: Interface(
            InterfaceStatement {
                attributes: [],
                interface: Span {
                    start: 7,
                    end: 16,
                },
                name: Name {
                    kind: Resolved(
                        ResolvedName {
                            resolved: Symbol("Foo"),
                            original: Symbol("Foo"),
                        },
                    ),
                    span: Span {
                        start: 17,
                        end: 20,
                    },
                },
                extends: None,
                body: InterfaceBody {
                    left_brace: Span {
                        start: 21,
                        end: 22,
                    },
                    members: [
                        Constant(
                            ClassishConstant {
                                comments: CommentGroup {
                                    comments: [],
                                },
                                attributes: [],
                                modifiers: ConstantModifierGroup {
                                    modifiers: [],
                                },
                                const: Span {
                                    start: 27,
                                    end: 32,
                                },
                                data_type: None,
                                entries: [
                                    ConstantEntry {
                                        name: SimpleIdentifier {
                                            symbol: Symbol("A"),
                                            span: Span {
                                                start: 33,
                                                end: 34,
                                            },
                                        },
                                        equals: Span {
                                            start: 35,
                                            end: 36,
                                        },
                                        value: Expression {
                                            kind: Literal(
                                                Literal {
                                                    kind: Integer,
                                                    token: Token {
                                                        kind: LiteralInteger,
                                                        span: Span {
                                                            start: 37,
                                                            end: 38,
                                                        },
                                                        symbol: Some(
                                                            Symbol("1"),
                                                        ),
                                                    },
                                                },
                                            ),
                                            span: Span {
                                                start: 37,
                                                end: 38,
                                            },
                                            comments: CommentGroup {
                                                comments: [],
                                            },
                                        },
                                    },
                                ],
                                semicolon: Span {
                                    start: 38,
                                    end: 39,
                                },
                            },
                        ),
                        Constant(
                            ClassishConstant {
                                comments: CommentGroup {
                                    comments: [],
                                },
                                attributes: [],
                                modifiers: ConstantModifierGroup {
                                    modifiers: [
                                        Public(
                                            Span {
                                                start: 44,
                                                end: 50,
                                            },
                                        ),
                                    ],
                                },
                                const: Span {
                                    start: 51,
                                    end: 56,
                                },
                                data_type: None,
                                entries: [
                                    ConstantEntry {
                                        name: SimpleIdentifier {
                                            symbol: Symbol("B"),
                                            span: Span {
                                                start: 57,
                                                end: 58,
                                            },
                                        },
                                        equals: Span {
                                            start: 59,
                                            end: 60,
                                        },
                                        value: Expression {
                                            kind: Literal(
                                                Literal {
                                                    kind: Integer,
                                                    token: Token {
                                                        kind: LiteralInteger,
                                                        span: Span {
                                                            start: 61,
                                                            end: 62,
                                                        },
                                                        symbol: Some(
                                                            Symbol("2"),
                                                        ),
                                                    },
                                                },
                                            ),
                                            span: Span {
                                                start: 61,
                                                end: 62,
                                            },
                                            comments: CommentGroup {
                                                comments: [],
                                            },
                                        },
                                    },
                                ],
                                semicolon: Span {
                                    start: 62,
                                    end: 63,
                                },
                            },
                        ),
                    ],
                    right_brace: Span {
                        start: 64,
                        end: 65,
                    },
                },
            },
        ),
        span: Span {
            start: 7,
            end: 65,
        },
        comments: CommentGroup {
            comments: [],
        },
    },
]
---
