[
    Statement {
        id: 2,
        kind: FullOpeningTag(
            FullOpeningTagStatement {
                span: Span {
                    start: Position {
                        offset: 0,
                        line: 1,
                        column: 0,
                    },
                    end: Position {
                        offset: 5,
                        line: 1,
                        column: 5,
                    },
                },
            },
        ),
        span: Span {
            start: Position {
                offset: 0,
                line: 1,
                column: 0,
            },
            end: Position {
                offset: 5,
                line: 1,
                column: 5,
            },
        },
        comments: CommentGroup {
            comments: [],
        },
    },
    Statement {
        id: 8,
        kind: Interface(
            InterfaceStatement {
                attributes: [],
                interface: Span {
                    start: Position {
                        offset: 7,
                        line: 3,
                        column: 1,
                    },
                    end: Position {
                        offset: 16,
                        line: 3,
                        column: 10,
                    },
                },
                name: SimpleIdentifier {
                    id: 3,
                    symbol: Symbol("Foo"),
                    parts: [
                        Symbol("Foo"),
                    ],
                    qualification: Unqualified,
                    span: Span {
                        start: Position {
                            offset: 17,
                            line: 3,
                            column: 11,
                        },
                        end: Position {
                            offset: 20,
                            line: 3,
                            column: 14,
                        },
                    },
                },
                extends: None,
                body: InterfaceBody {
                    left_brace: Span {
                        start: Position {
                            offset: 21,
                            line: 3,
                            column: 15,
                        },
                        end: Position {
                            offset: 22,
                            line: 3,
                            column: 16,
                        },
                    },
                    members: [
                        Constant(
                            ClassishConstant {
                                comments: CommentGroup {
                                    comments: [],
                                },
                                attributes: [],
                                modifiers: ConstantModifierGroup {
                                    modifiers: [],
                                },
                                const: Span {
                                    start: Position {
                                        offset: 27,
                                        line: 4,
                                        column: 5,
                                    },
                                    end: Position {
                                        offset: 32,
                                        line: 4,
                                        column: 10,
                                    },
                                },
                                data_type: None,
                                entries: [
                                    ConstantEntry {
                                        name: SimpleIdentifier {
                                            id: 4,
                                            symbol: Symbol("A"),
                                            parts: [
                                                Symbol("A"),
                                            ],
                                            qualification: Unqualified,
                                            span: Span {
                                                start: Position {
                                                    offset: 33,
                                                    line: 4,
                                                    column: 11,
                                                },
                                                end: Position {
                                                    offset: 34,
                                                    line: 4,
                                                    column: 12,
                                                },
                                            },
                                        },
                                        equals: Span {
                                            start: Position {
                                                offset: 35,
                                                line: 4,
                                                column: 13,
                                            },
                                            end: Position {
                                                offset: 36,
                                                line: 4,
                                                column: 14,
                                            },
                                        },
                                        value: Expression {
                                            id: 5,
                                            kind: Literal(
                                                Literal {
                                                    kind: Integer,
                                                    token: Token {
                                                        kind: LiteralInteger,
                                                        span: Span {
                                                            start: Position {
                                                                offset: 37,
                                                                line: 4,
                                                                column: 15,
                                                            },
                                                            end: Position {
                                                                offset: 38,
                                                                line: 4,
                                                                column: 16,
                                                            },
                                                        },
                                                        symbol: Some(
                                                            Symbol("1"),
                                                        ),
                                                    },
                                                },
                                            ),
                                            span: Span {
                                                start: Position {
                                                    offset: 37,
                                                    line: 4,
                                                    column: 15,
                                                },
                                                end: Position {
                                                    offset: 38,
                                                    line: 4,
                                                    column: 16,
                                                },
                                            },
                                            comments: CommentGroup {
                                                comments: [],
                                            },
                                        },
                                    },
                                ],
                                semicolon: Span {
                                    start: Position {
                                        offset: 38,
                                        line: 4,
                                        column: 16,
                                    },
                                    end: Position {
                                        offset: 39,
                                        line: 4,
                                        column: 17,
                                    },
                                },
                            },
                        ),
                        Constant(
                            ClassishConstant {
                                comments: CommentGroup {
                                    comments: [],
                                },
                                attributes: [],
                                modifiers: ConstantModifierGroup {
                                    modifiers: [
                                        Public(
                                            Span {
                                                start: Position {
                                                    offset: 44,
                                                    line: 5,
                                                    column: 5,
                                                },
                                                end: Position {
                                                    offset: 50,
                                                    line: 5,
                                                    column: 11,
                                                },
                                            },
                                        ),
                                    ],
                                },
                                const: Span {
                                    start: Position {
                                        offset: 51,
                                        line: 5,
                                        column: 12,
                                    },
                                    end: Position {
                                        offset: 56,
                                        line: 5,
                                        column: 17,
                                    },
                                },
                                data_type: None,
                                entries: [
                                    ConstantEntry {
                                        name: SimpleIdentifier {
                                            id: 6,
                                            symbol: Symbol("B"),
                                            parts: [
                                                Symbol("B"),
                                            ],
                                            qualification: Unqualified,
                                            span: Span {
                                                start: Position {
                                                    offset: 57,
                                                    line: 5,
                                                    column: 18,
                                                },
                                                end: Position {
                                                    offset: 58,
                                                    line: 5,
                                                    column: 19,
                                                },
                                            },
                                        },
                                        equals: Span {
                                            start: Position {
                                                offset: 59,
                                                line: 5,
                                                column: 20,
                                            },
                                            end: Position {
                                                offset: 60,
                                                line: 5,
                                                column: 21,
                                            },
                                        },
                                        value: Expression {
                                            id: 7,
                                            kind: Literal(
                                                Literal {
                                                    kind: Integer,
                                                    token: Token {
                                                        kind: LiteralInteger,
                                                        span: Span {
                                                            start: Position {
                                                                offset: 61,
                                                                line: 5,
                                                                column: 22,
                                                            },
                                                            end: Position {
                                                                offset: 62,
                                                                line: 5,
                                                                column: 23,
                                                            },
                                                        },
                                                        symbol: Some(
                                                            Symbol("2"),
                                                        ),
                                                    },
                                                },
                                            ),
                                            span: Span {
                                                start: Position {
                                                    offset: 61,
                                                    line: 5,
                                                    column: 22,
                                                },
                                                end: Position {
                                                    offset: 62,
                                                    line: 5,
                                                    column: 23,
                                                },
                                            },
                                            comments: CommentGroup {
                                                comments: [],
                                            },
                                        },
                                    },
                                ],
                                semicolon: Span {
                                    start: Position {
                                        offset: 62,
                                        line: 5,
                                        column: 23,
                                    },
                                    end: Position {
                                        offset: 63,
                                        line: 5,
                                        column: 24,
                                    },
                                },
                            },
                        ),
                    ],
                    right_brace: Span {
                        start: Position {
                            offset: 64,
                            line: 6,
                            column: 1,
                        },
                        end: Position {
                            offset: 65,
                            line: 6,
                            column: 2,
                        },
                    },
                },
            },
        ),
        span: Span {
            start: Position {
                offset: 7,
                line: 3,
                column: 1,
            },
            end: Position {
                offset: 65,
                line: 6,
                column: 2,
            },
        },
        comments: CommentGroup {
            comments: [],
        },
    },
]
---
