[
    Statement {
        id: 2,
        kind: FullOpeningTag(
            FullOpeningTagStatement {
                id: 1,
                span: Span {
                    start: 0,
                    end: 5,
                },
            },
        ),
        span: Span {
            start: 0,
            end: 5,
        },
        comments: CommentGroup {
            comments: [],
        },
    },
    Statement {
        id: 7,
        kind: Use(
            UseStatement {
                id: 6,
                span: Span {
                    start: 7,
                    end: 15,
                },
                kind: Normal,
                uses: [
                    Use {
                        id: 5,
                        span: Span {
                            start: 11,
                            end: 14,
                        },
                        name: Name {
                            id: 4,
                            kind: Resolved(
                                ResolvedName {
                                    id: 4,
                                    span: Span {
                                        start: 11,
                                        end: 14,
                                    },
                                    resolved: "Foo",
                                    original: "Foo",
                                },
                            ),
                            span: Span {
                                start: 11,
                                end: 14,
                            },
                        },
                        alias: None,
                        kind: None,
                    },
                ],
            },
        ),
        span: Span {
            start: 7,
            end: 15,
        },
        comments: CommentGroup {
            comments: [],
        },
    },
]
---
