[
    Statement {
        id: 2,
        kind: FullOpeningTag(
            FullOpeningTagStatement {
                span: Span {
                    start: 0,
                    end: 5,
                },
            },
        ),
        span: Span {
            start: 0,
            end: 5,
        },
        comments: CommentGroup {
            comments: [],
        },
    },
    Statement {
        id: 9,
        kind: Expression(
            ExpressionStatement {
                expression: Expression {
                    id: 8,
                    kind: FunctionCall(
                        FunctionCallExpression {
                            target: Expression {
                                id: 4,
                                kind: Identifier(
                                    SimpleIdentifier(
                                        SimpleIdentifier {
                                            id: 3,
                                            symbol: Symbol("foo"),
                                            parts: [
                                                Symbol("foo"),
                                            ],
                                            qualification: Unqualified,
                                            span: Span {
                                                start: 7,
                                                end: 10,
                                            },
                                        },
                                    ),
                                ),
                                span: Span {
                                    start: 7,
                                    end: 10,
                                },
                                comments: CommentGroup {
                                    comments: [],
                                },
                            },
                            arguments: ArgumentList {
                                comments: CommentGroup {
                                    comments: [],
                                },
                                left_parenthesis: Span {
                                    start: 10,
                                    end: 11,
                                },
                                arguments: [
                                    Positional(
                                        PositionalArgument {
                                            comments: CommentGroup {
                                                comments: [],
                                            },
                                            ellipsis: None,
                                            value: Expression {
                                                id: 5,
                                                kind: Literal(
                                                    Literal {
                                                        kind: Integer,
                                                        token: Token {
                                                            kind: LiteralInteger,
                                                            span: Span {
                                                                start: 11,
                                                                end: 12,
                                                            },
                                                            symbol: Some(
                                                                Symbol("1"),
                                                            ),
                                                        },
                                                    },
                                                ),
                                                span: Span {
                                                    start: 11,
                                                    end: 12,
                                                },
                                                comments: CommentGroup {
                                                    comments: [],
                                                },
                                            },
                                        },
                                    ),
                                    Positional(
                                        PositionalArgument {
                                            comments: CommentGroup {
                                                comments: [],
                                            },
                                            ellipsis: None,
                                            value: Expression {
                                                id: 6,
                                                kind: Literal(
                                                    Literal {
                                                        kind: Integer,
                                                        token: Token {
                                                            kind: LiteralInteger,
                                                            span: Span {
                                                                start: 14,
                                                                end: 15,
                                                            },
                                                            symbol: Some(
                                                                Symbol("2"),
                                                            ),
                                                        },
                                                    },
                                                ),
                                                span: Span {
                                                    start: 14,
                                                    end: 15,
                                                },
                                                comments: CommentGroup {
                                                    comments: [],
                                                },
                                            },
                                        },
                                    ),
                                    Positional(
                                        PositionalArgument {
                                            comments: CommentGroup {
                                                comments: [],
                                            },
                                            ellipsis: None,
                                            value: Expression {
                                                id: 7,
                                                kind: Literal(
                                                    Literal {
                                                        kind: Integer,
                                                        token: Token {
                                                            kind: LiteralInteger,
                                                            span: Span {
                                                                start: 17,
                                                                end: 18,
                                                            },
                                                            symbol: Some(
                                                                Symbol("3"),
                                                            ),
                                                        },
                                                    },
                                                ),
                                                span: Span {
                                                    start: 17,
                                                    end: 18,
                                                },
                                                comments: CommentGroup {
                                                    comments: [],
                                                },
                                            },
                                        },
                                    ),
                                ],
                                right_parenthesis: Span {
                                    start: 19,
                                    end: 20,
                                },
                            },
                        },
                    ),
                    span: Span {
                        start: 10,
                        end: 20,
                    },
                    comments: CommentGroup {
                        comments: [],
                    },
                },
                ending: Semicolon(
                    Span {
                        start: 20,
                        end: 21,
                    },
                ),
            },
        ),
        span: Span {
            start: 7,
            end: 21,
        },
        comments: CommentGroup {
            comments: [],
        },
    },
]
---
