[
    Statement {
        id: 2,
        kind: FullOpeningTag(
            FullOpeningTagStatement {
                span: Span {
                    start: Position {
                        offset: 0,
                        line: 1,
                        column: 0,
                    },
                    end: Position {
                        offset: 5,
                        line: 1,
                        column: 5,
                    },
                },
            },
        ),
        span: Span {
            start: Position {
                offset: 0,
                line: 1,
                column: 0,
            },
            end: Position {
                offset: 5,
                line: 1,
                column: 5,
            },
        },
        comments: CommentGroup {
            comments: [],
        },
    },
    Statement {
        id: 4,
        kind: Switch(
            SwitchStatement {
                switch: Span {
                    start: Position {
                        offset: 7,
                        line: 3,
                        column: 1,
                    },
                    end: Position {
                        offset: 13,
                        line: 3,
                        column: 7,
                    },
                },
                left_parenthesis: Span {
                    start: Position {
                        offset: 14,
                        line: 3,
                        column: 8,
                    },
                    end: Position {
                        offset: 15,
                        line: 3,
                        column: 9,
                    },
                },
                condition: Expression {
                    id: 3,
                    kind: Variable(
                        SimpleVariable(
                            SimpleVariable {
                                symbol: Symbol("$a"),
                                span: Span {
                                    start: Position {
                                        offset: 15,
                                        line: 3,
                                        column: 9,
                                    },
                                    end: Position {
                                        offset: 17,
                                        line: 3,
                                        column: 11,
                                    },
                                },
                            },
                        ),
                    ),
                    span: Span {
                        start: Position {
                            offset: 15,
                            line: 3,
                            column: 9,
                        },
                        end: Position {
                            offset: 17,
                            line: 3,
                            column: 11,
                        },
                    },
                    comments: CommentGroup {
                        comments: [],
                    },
                },
                right_parenthesis: Span {
                    start: Position {
                        offset: 17,
                        line: 3,
                        column: 11,
                    },
                    end: Position {
                        offset: 18,
                        line: 3,
                        column: 12,
                    },
                },
                cases: [],
            },
        ),
        span: Span {
            start: Position {
                offset: 7,
                line: 3,
                column: 1,
            },
            end: Position {
                offset: 27,
                line: 5,
                column: 2,
            },
        },
        comments: CommentGroup {
            comments: [],
        },
    },
]
---
