[
    Statement {
        id: 2,
        kind: FullOpeningTag(
            FullOpeningTagStatement {
                id: 1,
                span: Span {
                    start: 0,
                    end: 5,
                },
            },
        ),
        span: Span {
            start: 0,
            end: 5,
        },
        comments: CommentGroup {
            comments: [],
        },
    },
    Statement {
        id: 25,
        kind: Trait(
            TraitStatement {
                id: 24,
                span: Span {
                    start: 7,
                    end: 96,
                },
                trait: Span {
                    start: 7,
                    end: 12,
                },
                name: Name {
                    id: 3,
                    kind: Resolved(
                        ResolvedName {
                            id: 3,
                            span: Span {
                                start: 13,
                                end: 16,
                            },
                            resolved: Symbol("Foo"),
                            original: Symbol("Foo"),
                        },
                    ),
                    span: Span {
                        start: 13,
                        end: 16,
                    },
                },
                attributes: [],
                body: TraitBody {
                    id: 23,
                    span: Span {
                        start: 17,
                        end: 96,
                    },
                    left_brace: Span {
                        start: 17,
                        end: 18,
                    },
                    members: [
                        VariableProperty(
                            VariableProperty {
                                id: 6,
                                span: Span {
                                    start: 27,
                                    end: 29,
                                },
                                attributes: [],
                                type: None,
                                entries: [
                                    PropertyEntry {
                                        id: 5,
                                        span: Span {
                                            start: 27,
                                            end: 29,
                                        },
                                        kind: Uninitialized {
                                            variable: SimpleVariable {
                                                id: 4,
                                                symbol: Symbol("$a"),
                                                stripped: Symbol("a"),
                                                span: Span {
                                                    start: 27,
                                                    end: 29,
                                                },
                                            },
                                        },
                                    },
                                ],
                                end: Span {
                                    start: 29,
                                    end: 30,
                                },
                            },
                        ),
                        Property(
                            Property {
                                id: 10,
                                span: Span {
                                    start: 42,
                                    end: 44,
                                },
                                attributes: [],
                                modifiers: PropertyModifierGroup {
                                    id: 7,
                                    span: Span {
                                        start: 35,
                                        end: 41,
                                    },
                                    modifiers: [
                                        Public(
                                            Span {
                                                start: 35,
                                                end: 41,
                                            },
                                        ),
                                    ],
                                },
                                type: None,
                                entries: [
                                    PropertyEntry {
                                        id: 9,
                                        span: Span {
                                            start: 42,
                                            end: 44,
                                        },
                                        kind: Uninitialized {
                                            variable: SimpleVariable {
                                                id: 8,
                                                symbol: Symbol("$b"),
                                                stripped: Symbol("b"),
                                                span: Span {
                                                    start: 42,
                                                    end: 44,
                                                },
                                            },
                                        },
                                    },
                                ],
                                end: Span {
                                    start: 44,
                                    end: 45,
                                },
                            },
                        ),
                        Property(
                            Property {
                                id: 14,
                                span: Span {
                                    start: 60,
                                    end: 62,
                                },
                                attributes: [],
                                modifiers: PropertyModifierGroup {
                                    id: 11,
                                    span: Span {
                                        start: 50,
                                        end: 59,
                                    },
                                    modifiers: [
                                        Protected(
                                            Span {
                                                start: 50,
                                                end: 59,
                                            },
                                        ),
                                    ],
                                },
                                type: None,
                                entries: [
                                    PropertyEntry {
                                        id: 13,
                                        span: Span {
                                            start: 60,
                                            end: 62,
                                        },
                                        kind: Uninitialized {
                                            variable: SimpleVariable {
                                                id: 12,
                                                symbol: Symbol("$c"),
                                                stripped: Symbol("c"),
                                                span: Span {
                                                    start: 60,
                                                    end: 62,
                                                },
                                            },
                                        },
                                    },
                                ],
                                end: Span {
                                    start: 62,
                                    end: 63,
                                },
                            },
                        ),
                        Property(
                            Property {
                                id: 18,
                                span: Span {
                                    start: 76,
                                    end: 78,
                                },
                                attributes: [],
                                modifiers: PropertyModifierGroup {
                                    id: 15,
                                    span: Span {
                                        start: 68,
                                        end: 75,
                                    },
                                    modifiers: [
                                        Private(
                                            Span {
                                                start: 68,
                                                end: 75,
                                            },
                                        ),
                                    ],
                                },
                                type: None,
                                entries: [
                                    PropertyEntry {
                                        id: 17,
                                        span: Span {
                                            start: 76,
                                            end: 78,
                                        },
                                        kind: Uninitialized {
                                            variable: SimpleVariable {
                                                id: 16,
                                                symbol: Symbol("$d"),
                                                stripped: Symbol("d"),
                                                span: Span {
                                                    start: 76,
                                                    end: 78,
                                                },
                                            },
                                        },
                                    },
                                ],
                                end: Span {
                                    start: 78,
                                    end: 79,
                                },
                            },
                        ),
                        Property(
                            Property {
                                id: 22,
                                span: Span {
                                    start: 91,
                                    end: 93,
                                },
                                attributes: [],
                                modifiers: PropertyModifierGroup {
                                    id: 19,
                                    span: Span {
                                        start: 84,
                                        end: 90,
                                    },
                                    modifiers: [
                                        Static(
                                            Span {
                                                start: 84,
                                                end: 90,
                                            },
                                        ),
                                    ],
                                },
                                type: None,
                                entries: [
                                    PropertyEntry {
                                        id: 21,
                                        span: Span {
                                            start: 91,
                                            end: 93,
                                        },
                                        kind: Uninitialized {
                                            variable: SimpleVariable {
                                                id: 20,
                                                symbol: Symbol("$e"),
                                                stripped: Symbol("e"),
                                                span: Span {
                                                    start: 91,
                                                    end: 93,
                                                },
                                            },
                                        },
                                    },
                                ],
                                end: Span {
                                    start: 93,
                                    end: 94,
                                },
                            },
                        ),
                    ],
                    right_brace: Span {
                        start: 95,
                        end: 96,
                    },
                },
            },
        ),
        span: Span {
            start: 7,
            end: 96,
        },
        comments: CommentGroup {
            comments: [],
        },
    },
]
---
