[
    Statement {
        id: 2,
        kind: FullOpeningTag(
            FullOpeningTagStatement {
                id: 1,
                span: Span {
                    start: 0,
                    end: 5,
                },
            },
        ),
        span: Span {
            start: 0,
            end: 5,
        },
        comments: CommentGroup {
            comments: [],
        },
    },
    Statement {
        id: 13,
        kind: While(
            WhileStatement {
                id: 12,
                span: Span {
                    start: 7,
                    end: 34,
                },
                while: Span {
                    start: 7,
                    end: 12,
                },
                left_parenthesis: Span {
                    start: 13,
                    end: 14,
                },
                condition: Expression {
                    id: 3,
                    kind: Variable(
                        SimpleVariable(
                            SimpleVariable {
                                id: 4,
                                symbol: "$a",
                                stripped: "a",
                                span: Span {
                                    start: 14,
                                    end: 16,
                                },
                            },
                        ),
                    ),
                    span: Span {
                        start: 14,
                        end: 16,
                    },
                    comments: CommentGroup {
                        comments: [],
                    },
                },
                right_parenthesis: Span {
                    start: 16,
                    end: 17,
                },
                body: Statement(
                    WhileStatementBodyStatement {
                        id: 11,
                        span: Span {
                            start: 18,
                            end: 34,
                        },
                        statement: Statement {
                            id: 10,
                            kind: Block(
                                BlockStatement {
                                    id: 9,
                                    span: Span {
                                        start: 18,
                                        end: 34,
                                    },
                                    left_brace: Span {
                                        start: 18,
                                        end: 19,
                                    },
                                    statements: [
                                        Statement {
                                            id: 8,
                                            kind: Echo(
                                                EchoStatement {
                                                    id: 7,
                                                    span: Span {
                                                        start: 24,
                                                        end: 32,
                                                    },
                                                    echo: Span {
                                                        start: 24,
                                                        end: 28,
                                                    },
                                                    values: [
                                                        Expression {
                                                            id: 5,
                                                            kind: Variable(
                                                                SimpleVariable(
                                                                    SimpleVariable {
                                                                        id: 6,
                                                                        symbol: "$a",
                                                                        stripped: "a",
                                                                        span: Span {
                                                                            start: 29,
                                                                            end: 31,
                                                                        },
                                                                    },
                                                                ),
                                                            ),
                                                            span: Span {
                                                                start: 29,
                                                                end: 31,
                                                            },
                                                            comments: CommentGroup {
                                                                comments: [],
                                                            },
                                                        },
                                                    ],
                                                    ending: Semicolon(
                                                        Span {
                                                            start: 31,
                                                            end: 32,
                                                        },
                                                    ),
                                                },
                                            ),
                                            span: Span {
                                                start: 24,
                                                end: 32,
                                            },
                                            comments: CommentGroup {
                                                comments: [],
                                            },
                                        },
                                    ],
                                    right_brace: Span {
                                        start: 33,
                                        end: 34,
                                    },
                                },
                            ),
                            span: Span {
                                start: 18,
                                end: 34,
                            },
                            comments: CommentGroup {
                                comments: [],
                            },
                        },
                    },
                ),
            },
        ),
        span: Span {
            start: 7,
            end: 34,
        },
        comments: CommentGroup {
            comments: [],
        },
    },
]
---
