[
    Statement {
        id: 3,
        kind: FullOpeningTag(
            FullOpeningTagStatement {
                id: 2,
                span: Span {
                    start: 0,
                    end: 5,
                },
            },
        ),
        span: Span {
            start: 0,
            end: 5,
        },
        comments: CommentGroup {
            id: 1,
            comments: [],
        },
    },
    Statement {
        id: 10,
        kind: Use(
            UseStatement {
                id: 9,
                span: Span {
                    start: 7,
                    end: 26,
                },
                kind: Normal,
                uses: [
                    Use {
                        id: 8,
                        span: Span {
                            start: 11,
                            end: 25,
                        },
                        name: Name {
                            id: 6,
                            kind: Resolved(
                                ResolvedName {
                                    id: 6,
                                    span: Span {
                                        start: 11,
                                        end: 18,
                                    },
                                    resolved: "Foo\Bar",
                                    original: "Foo\Bar",
                                },
                            ),
                            span: Span {
                                start: 11,
                                end: 18,
                            },
                        },
                        alias: Some(
                            SimpleIdentifier {
                                id: 7,
                                symbol: "Baz",
                                span: Span {
                                    start: 22,
                                    end: 25,
                                },
                            },
                        ),
                        kind: None,
                    },
                ],
            },
        ),
        span: Span {
            start: 7,
            end: 26,
        },
        comments: CommentGroup {
            id: 4,
            comments: [],
        },
    },
    Statement {
        id: 19,
        kind: Class(
            ClassStatement {
                id: 18,
                span: Span {
                    start: 35,
                    end: 47,
                },
                attributes: [
                    AttributeGroup {
                        id: 14,
                        span: Span {
                            start: 28,
                            end: 34,
                        },
                        members: [
                            Attribute {
                                id: 13,
                                span: Span {
                                    start: 30,
                                    end: 34,
                                },
                                name: Name {
                                    id: 12,
                                    kind: Resolved(
                                        ResolvedName {
                                            id: 12,
                                            span: Span {
                                                start: 30,
                                                end: 33,
                                            },
                                            resolved: "Foo\Bar",
                                            original: "Baz",
                                        },
                                    ),
                                    span: Span {
                                        start: 30,
                                        end: 33,
                                    },
                                },
                                arguments: None,
                            },
                        ],
                    },
                ],
                modifiers: ClassModifierGroup {
                    id: 15,
                    span: Span {
                        start: 0,
                        end: 0,
                    },
                    modifiers: [],
                },
                class: Span {
                    start: 35,
                    end: 40,
                },
                name: Name {
                    id: 16,
                    kind: Resolved(
                        ResolvedName {
                            id: 16,
                            span: Span {
                                start: 41,
                                end: 44,
                            },
                            resolved: "Qux",
                            original: "Qux",
                        },
                    ),
                    span: Span {
                        start: 41,
                        end: 44,
                    },
                },
                extends: None,
                implements: None,
                body: ClassBody {
                    id: 17,
                    span: Span {
                        start: 45,
                        end: 47,
                    },
                    left_brace: Span {
                        start: 45,
                        end: 46,
                    },
                    members: [],
                    right_brace: Span {
                        start: 46,
                        end: 47,
                    },
                },
            },
        ),
        span: Span {
            start: 35,
            end: 47,
        },
        comments: CommentGroup {
            id: 11,
            comments: [],
        },
    },
]
---
