[
    Statement {
        id: 3,
        kind: FullOpeningTag(
            FullOpeningTagStatement {
                id: 2,
                span: Span {
                    start: 0,
                    end: 5,
                },
            },
        ),
        span: Span {
            start: 0,
            end: 5,
        },
        comments: CommentGroup {
            id: 1,
            comments: [],
        },
    },
    Statement {
        id: 49,
        kind: Class(
            ClassStatement {
                id: 48,
                span: Span {
                    start: 7,
                    end: 186,
                },
                attributes: [],
                modifiers: ClassModifierGroup {
                    id: 5,
                    span: Span {
                        start: 0,
                        end: 0,
                    },
                    modifiers: [],
                },
                class: Span {
                    start: 7,
                    end: 12,
                },
                name: Name {
                    id: 6,
                    kind: Resolved(
                        ResolvedName {
                            id: 6,
                            span: Span {
                                start: 13,
                                end: 16,
                            },
                            resolved: "Foo",
                            original: "Foo",
                        },
                    ),
                    span: Span {
                        start: 13,
                        end: 16,
                    },
                },
                extends: None,
                implements: None,
                body: ClassBody {
                    id: 47,
                    span: Span {
                        start: 17,
                        end: 186,
                    },
                    left_brace: Span {
                        start: 17,
                        end: 18,
                    },
                    members: [
                        ConcreteMethod(
                            ConcreteMethod {
                                id: 14,
                                span: Span {
                                    start: 30,
                                    end: 45,
                                },
                                comments: CommentGroup {
                                    id: 8,
                                    comments: [],
                                },
                                attributes: [],
                                modifiers: MethodModifierGroup {
                                    id: 7,
                                    span: Span {
                                        start: 23,
                                        end: 29,
                                    },
                                    modifiers: [
                                        Static(
                                            Span {
                                                start: 23,
                                                end: 29,
                                            },
                                        ),
                                    ],
                                },
                                function: Span {
                                    start: 30,
                                    end: 38,
                                },
                                ampersand: None,
                                name: SimpleIdentifier {
                                    id: 9,
                                    symbol: "a",
                                    span: Span {
                                        start: 39,
                                        end: 40,
                                    },
                                },
                                parameters: FunctionParameterList {
                                    id: 11,
                                    span: Span {
                                        start: 40,
                                        end: 42,
                                    },
                                    comments: CommentGroup {
                                        id: 10,
                                        comments: [],
                                    },
                                    left_parenthesis: Span {
                                        start: 40,
                                        end: 41,
                                    },
                                    parameters: CommaSeparated {
                                        inner: [],
                                        commas: [],
                                    },
                                    right_parenthesis: Span {
                                        start: 41,
                                        end: 42,
                                    },
                                },
                                return_type: None,
                                body: MethodBody {
                                    id: 13,
                                    span: Span {
                                        start: 43,
                                        end: 45,
                                    },
                                    comments: CommentGroup {
                                        id: 12,
                                        comments: [],
                                    },
                                    left_brace: Span {
                                        start: 43,
                                        end: 44,
                                    },
                                    statements: [],
                                    right_brace: Span {
                                        start: 44,
                                        end: 45,
                                    },
                                },
                            },
                        ),
                        ConcreteMethod(
                            ConcreteMethod {
                                id: 22,
                                span: Span {
                                    start: 64,
                                    end: 79,
                                },
                                comments: CommentGroup {
                                    id: 16,
                                    comments: [],
                                },
                                attributes: [],
                                modifiers: MethodModifierGroup {
                                    id: 15,
                                    span: Span {
                                        start: 50,
                                        end: 63,
                                    },
                                    modifiers: [
                                        Public(
                                            Span {
                                                start: 50,
                                                end: 56,
                                            },
                                        ),
                                        Static(
                                            Span {
                                                start: 57,
                                                end: 63,
                                            },
                                        ),
                                    ],
                                },
                                function: Span {
                                    start: 64,
                                    end: 72,
                                },
                                ampersand: None,
                                name: SimpleIdentifier {
                                    id: 17,
                                    symbol: "b",
                                    span: Span {
                                        start: 73,
                                        end: 74,
                                    },
                                },
                                parameters: FunctionParameterList {
                                    id: 19,
                                    span: Span {
                                        start: 74,
                                        end: 76,
                                    },
                                    comments: CommentGroup {
                                        id: 18,
                                        comments: [],
                                    },
                                    left_parenthesis: Span {
                                        start: 74,
                                        end: 75,
                                    },
                                    parameters: CommaSeparated {
                                        inner: [],
                                        commas: [],
                                    },
                                    right_parenthesis: Span {
                                        start: 75,
                                        end: 76,
                                    },
                                },
                                return_type: None,
                                body: MethodBody {
                                    id: 21,
                                    span: Span {
                                        start: 77,
                                        end: 79,
                                    },
                                    comments: CommentGroup {
                                        id: 20,
                                        comments: [],
                                    },
                                    left_brace: Span {
                                        start: 77,
                                        end: 78,
                                    },
                                    statements: [],
                                    right_brace: Span {
                                        start: 78,
                                        end: 79,
                                    },
                                },
                            },
                        ),
                        ConcreteMethod(
                            ConcreteMethod {
                                id: 30,
                                span: Span {
                                    start: 101,
                                    end: 116,
                                },
                                comments: CommentGroup {
                                    id: 24,
                                    comments: [],
                                },
                                attributes: [],
                                modifiers: MethodModifierGroup {
                                    id: 23,
                                    span: Span {
                                        start: 84,
                                        end: 100,
                                    },
                                    modifiers: [
                                        Protected(
                                            Span {
                                                start: 84,
                                                end: 93,
                                            },
                                        ),
                                        Static(
                                            Span {
                                                start: 94,
                                                end: 100,
                                            },
                                        ),
                                    ],
                                },
                                function: Span {
                                    start: 101,
                                    end: 109,
                                },
                                ampersand: None,
                                name: SimpleIdentifier {
                                    id: 25,
                                    symbol: "c",
                                    span: Span {
                                        start: 110,
                                        end: 111,
                                    },
                                },
                                parameters: FunctionParameterList {
                                    id: 27,
                                    span: Span {
                                        start: 111,
                                        end: 113,
                                    },
                                    comments: CommentGroup {
                                        id: 26,
                                        comments: [],
                                    },
                                    left_parenthesis: Span {
                                        start: 111,
                                        end: 112,
                                    },
                                    parameters: CommaSeparated {
                                        inner: [],
                                        commas: [],
                                    },
                                    right_parenthesis: Span {
                                        start: 112,
                                        end: 113,
                                    },
                                },
                                return_type: None,
                                body: MethodBody {
                                    id: 29,
                                    span: Span {
                                        start: 114,
                                        end: 116,
                                    },
                                    comments: CommentGroup {
                                        id: 28,
                                        comments: [],
                                    },
                                    left_brace: Span {
                                        start: 114,
                                        end: 115,
                                    },
                                    statements: [],
                                    right_brace: Span {
                                        start: 115,
                                        end: 116,
                                    },
                                },
                            },
                        ),
                        ConcreteMethod(
                            ConcreteMethod {
                                id: 38,
                                span: Span {
                                    start: 136,
                                    end: 151,
                                },
                                comments: CommentGroup {
                                    id: 32,
                                    comments: [],
                                },
                                attributes: [],
                                modifiers: MethodModifierGroup {
                                    id: 31,
                                    span: Span {
                                        start: 121,
                                        end: 135,
                                    },
                                    modifiers: [
                                        Private(
                                            Span {
                                                start: 121,
                                                end: 128,
                                            },
                                        ),
                                        Static(
                                            Span {
                                                start: 129,
                                                end: 135,
                                            },
                                        ),
                                    ],
                                },
                                function: Span {
                                    start: 136,
                                    end: 144,
                                },
                                ampersand: None,
                                name: SimpleIdentifier {
                                    id: 33,
                                    symbol: "d",
                                    span: Span {
                                        start: 145,
                                        end: 146,
                                    },
                                },
                                parameters: FunctionParameterList {
                                    id: 35,
                                    span: Span {
                                        start: 146,
                                        end: 148,
                                    },
                                    comments: CommentGroup {
                                        id: 34,
                                        comments: [],
                                    },
                                    left_parenthesis: Span {
                                        start: 146,
                                        end: 147,
                                    },
                                    parameters: CommaSeparated {
                                        inner: [],
                                        commas: [],
                                    },
                                    right_parenthesis: Span {
                                        start: 147,
                                        end: 148,
                                    },
                                },
                                return_type: None,
                                body: MethodBody {
                                    id: 37,
                                    span: Span {
                                        start: 149,
                                        end: 151,
                                    },
                                    comments: CommentGroup {
                                        id: 36,
                                        comments: [],
                                    },
                                    left_brace: Span {
                                        start: 149,
                                        end: 150,
                                    },
                                    statements: [],
                                    right_brace: Span {
                                        start: 150,
                                        end: 151,
                                    },
                                },
                            },
                        ),
                        ConcreteMethod(
                            ConcreteMethod {
                                id: 46,
                                span: Span {
                                    start: 169,
                                    end: 184,
                                },
                                comments: CommentGroup {
                                    id: 40,
                                    comments: [],
                                },
                                attributes: [],
                                modifiers: MethodModifierGroup {
                                    id: 39,
                                    span: Span {
                                        start: 156,
                                        end: 168,
                                    },
                                    modifiers: [
                                        Final(
                                            Span {
                                                start: 156,
                                                end: 161,
                                            },
                                        ),
                                        Static(
                                            Span {
                                                start: 162,
                                                end: 168,
                                            },
                                        ),
                                    ],
                                },
                                function: Span {
                                    start: 169,
                                    end: 177,
                                },
                                ampersand: None,
                                name: SimpleIdentifier {
                                    id: 41,
                                    symbol: "e",
                                    span: Span {
                                        start: 178,
                                        end: 179,
                                    },
                                },
                                parameters: FunctionParameterList {
                                    id: 43,
                                    span: Span {
                                        start: 179,
                                        end: 181,
                                    },
                                    comments: CommentGroup {
                                        id: 42,
                                        comments: [],
                                    },
                                    left_parenthesis: Span {
                                        start: 179,
                                        end: 180,
                                    },
                                    parameters: CommaSeparated {
                                        inner: [],
                                        commas: [],
                                    },
                                    right_parenthesis: Span {
                                        start: 180,
                                        end: 181,
                                    },
                                },
                                return_type: None,
                                body: MethodBody {
                                    id: 45,
                                    span: Span {
                                        start: 182,
                                        end: 184,
                                    },
                                    comments: CommentGroup {
                                        id: 44,
                                        comments: [],
                                    },
                                    left_brace: Span {
                                        start: 182,
                                        end: 183,
                                    },
                                    statements: [],
                                    right_brace: Span {
                                        start: 183,
                                        end: 184,
                                    },
                                },
                            },
                        ),
                    ],
                    right_brace: Span {
                        start: 185,
                        end: 186,
                    },
                },
            },
        ),
        span: Span {
            start: 7,
            end: 186,
        },
        comments: CommentGroup {
            id: 4,
            comments: [],
        },
    },
]
---
