[
    Statement {
        id: 3,
        kind: FullOpeningTag(
            FullOpeningTagStatement {
                id: 2,
                span: Span {
                    start: 0,
                    end: 5,
                },
            },
        ),
        span: Span {
            start: 0,
            end: 5,
        },
        comments: CommentGroup {
            id: 1,
            comments: [],
        },
    },
    Statement {
        id: 10,
        kind: Use(
            UseStatement {
                id: 9,
                span: Span {
                    start: 7,
                    end: 25,
                },
                kind: Normal,
                uses: [
                    Use {
                        id: 8,
                        span: Span {
                            start: 11,
                            end: 25,
                        },
                        name: Name {
                            id: 6,
                            kind: Resolved(
                                ResolvedName {
                                    resolved: "Foo\Baz",
                                    original: "Foo\Baz",
                                },
                            ),
                            span: Span {
                                start: 11,
                                end: 18,
                            },
                        },
                        alias: Some(
                            SimpleIdentifier {
                                id: 7,
                                symbol: "Qux",
                                span: Span {
                                    start: 22,
                                    end: 25,
                                },
                            },
                        ),
                        kind: Normal,
                    },
                ],
            },
        ),
        span: Span {
            start: 7,
            end: 25,
        },
        comments: CommentGroup {
            id: 4,
            comments: [],
        },
    },
    Statement {
        id: 18,
        kind: Class(
            ClassStatement {
                id: 17,
                span: Span {
                    start: 28,
                    end: 52,
                },
                attributes: [],
                modifiers: ClassModifierGroup {
                    id: 12,
                    span: Span {
                        start: 0,
                        end: 0,
                    },
                    modifiers: [],
                },
                class: Span {
                    start: 28,
                    end: 33,
                },
                name: Name {
                    id: 13,
                    kind: Resolved(
                        ResolvedName {
                            resolved: "Bar",
                            original: "Bar",
                        },
                    ),
                    span: Span {
                        start: 34,
                        end: 37,
                    },
                },
                extends: Some(
                    ClassExtends {
                        id: 15,
                        span: Span {
                            start: 38,
                            end: 49,
                        },
                        extends: Span {
                            start: 38,
                            end: 45,
                        },
                        parent: Name {
                            id: 14,
                            kind: Resolved(
                                ResolvedName {
                                    resolved: "Foo\Baz",
                                    original: "Qux",
                                },
                            ),
                            span: Span {
                                start: 46,
                                end: 49,
                            },
                        },
                    },
                ),
                implements: None,
                body: ClassBody {
                    id: 16,
                    span: Span {
                        start: 50,
                        end: 52,
                    },
                    left_brace: Span {
                        start: 50,
                        end: 51,
                    },
                    members: [],
                    right_brace: Span {
                        start: 51,
                        end: 52,
                    },
                },
            },
        ),
        span: Span {
            start: 28,
            end: 52,
        },
        comments: CommentGroup {
            id: 11,
            comments: [],
        },
    },
]
---
