[
    Statement {
        id: 7,
        kind: FullOpeningTag(
            FullOpeningTagStatement {
                id: 6,
                span: Span {
                    start: 0,
                    end: 5,
                },
            },
        ),
        span: Span {
            start: 0,
            end: 5,
        },
        comments: CommentGroup {
            id: 1,
            comments: [],
        },
    },
    Statement {
        id: 16,
        kind: Function(
            FunctionStatement {
                id: 15,
                span: Span {
                    start: 14,
                    end: 29,
                },
                comments: CommentGroup {
                    id: 9,
                    comments: [],
                },
                attributes: [],
                function: Span {
                    start: 14,
                    end: 22,
                },
                ampersand: None,
                name: Name {
                    id: 10,
                    kind: Resolved(
                        ResolvedName {
                            id: 10,
                            span: Span {
                                start: 23,
                                end: 24,
                            },
                            resolved: "a",
                            original: "a",
                        },
                    ),
                    span: Span {
                        start: 23,
                        end: 24,
                    },
                },
                parameters: FunctionParameterList {
                    id: 12,
                    span: Span {
                        start: 24,
                        end: 26,
                    },
                    comments: CommentGroup {
                        id: 11,
                        comments: [],
                    },
                    left_parenthesis: Span {
                        start: 24,
                        end: 25,
                    },
                    parameters: CommaSeparated {
                        inner: [],
                        commas: [],
                    },
                    right_parenthesis: Span {
                        start: 25,
                        end: 26,
                    },
                },
                return_type: None,
                body: FunctionBody {
                    id: 14,
                    span: Span {
                        start: 27,
                        end: 29,
                    },
                    comments: CommentGroup {
                        id: 13,
                        comments: [],
                    },
                    left_brace: Span {
                        start: 27,
                        end: 28,
                    },
                    statements: [],
                    right_brace: Span {
                        start: 28,
                        end: 29,
                    },
                },
            },
        ),
        span: Span {
            start: 14,
            end: 29,
        },
        comments: CommentGroup {
            id: 8,
            comments: [
                Comment {
                    id: 2,
                    span: Span {
                        start: 7,
                        end: 13,
                    },
                    kind: DocBlock(
                        DocBlockComment {
                            id: 4,
                            span: Span {
                                start: 7,
                                end: 13,
                            },
                            doc: DocBlock {
                                id: 5,
                                span: Span {
                                    start: 7,
                                    end: 13,
                                },
                                nodes: [],
                            },
                        },
                    ),
                },
            ],
        },
    },
]
---
