[
    Statement {
        id: 11,
        kind: FullOpeningTag(
            FullOpeningTagStatement {
                id: 10,
                span: Span {
                    start: 0,
                    end: 5,
                },
            },
        ),
        span: Span {
            start: 0,
            end: 5,
        },
        comments: CommentGroup {
            id: 1,
            comments: [],
        },
    },
    Statement {
        id: 24,
        kind: Function(
            FunctionStatement {
                id: 23,
                span: Span {
                    start: 42,
                    end: 65,
                },
                comments: CommentGroup {
                    id: 13,
                    comments: [],
                },
                attributes: [],
                function: Span {
                    start: 42,
                    end: 50,
                },
                ampersand: None,
                name: Name {
                    id: 14,
                    kind: Resolved(
                        ResolvedName {
                            resolved: "a",
                            original: "a",
                        },
                    ),
                    span: Span {
                        start: 51,
                        end: 52,
                    },
                },
                parameters: FunctionParameterList {
                    id: 20,
                    span: Span {
                        start: 52,
                        end: 62,
                    },
                    comments: CommentGroup {
                        id: 15,
                        comments: [],
                    },
                    left_parenthesis: Span {
                        start: 52,
                        end: 53,
                    },
                    parameters: CommaSeparated {
                        inner: [
                            FunctionParameter {
                                id: 18,
                                span: Span {
                                    start: 0,
                                    end: 61,
                                },
                                comments: CommentGroup {
                                    id: 19,
                                    comments: [],
                                },
                                name: SimpleVariable {
                                    id: 17,
                                    symbol: "$a",
                                    stripped: "a",
                                    span: Span {
                                        start: 59,
                                        end: 61,
                                    },
                                },
                                attributes: [],
                                data_type: Some(
                                    DataType {
                                        id: 16,
                                        kind: Array,
                                        span: Span {
                                            start: 0,
                                            end: 0,
                                        },
                                    },
                                ),
                                ellipsis: None,
                                default: None,
                                ampersand: None,
                            },
                        ],
                        commas: [],
                    },
                    right_parenthesis: Span {
                        start: 61,
                        end: 62,
                    },
                },
                return_type: None,
                body: FunctionBody {
                    id: 22,
                    span: Span {
                        start: 63,
                        end: 65,
                    },
                    comments: CommentGroup {
                        id: 21,
                        comments: [],
                    },
                    left_brace: Span {
                        start: 63,
                        end: 64,
                    },
                    statements: [],
                    right_brace: Span {
                        start: 64,
                        end: 65,
                    },
                },
            },
        ),
        span: Span {
            start: 42,
            end: 65,
        },
        comments: CommentGroup {
            id: 12,
            comments: [
                Comment {
                    id: 2,
                    span: Span {
                        start: 7,
                        end: 41,
                    },
                    kind: DocBlock(
                        DocBlockComment {
                            id: 8,
                            span: Span {
                                start: 7,
                                end: 41,
                            },
                            doc: DocBlock {
                                id: 9,
                                span: Span {
                                    start: 7,
                                    end: 41,
                                },
                                nodes: [
                                    Tag(
                                        DocBlockTagNode {
                                            id: 7,
                                            span: Span {
                                                start: 14,
                                                end: 37,
                                            },
                                            tag: Param(
                                                DocBlockParamTag {
                                                    id: 6,
                                                    span: Span {
                                                        start: 14,
                                                        end: 37,
                                                    },
                                                    tag: OwnedToken {
                                                        kind: PhpDocTag,
                                                        span: Span {
                                                            start: 14,
                                                            end: 20,
                                                        },
                                                        symbol: "@param",
                                                    },
                                                    data_type: Some(
                                                        DataType {
                                                            id: 4,
                                                            kind: Union(
                                                                [
                                                                    String,
                                                                    TypedArray(
                                                                        Union(
                                                                            [
                                                                                String,
                                                                                Integer,
                                                                            ],
                                                                        ),
                                                                        Boolean,
                                                                    ),
                                                                ],
                                                            ),
                                                            span: Span {
                                                                start: 0,
                                                                end: 0,
                                                            },
                                                        },
                                                    ),
                                                    ampersand: None,
                                                    ellipsis: None,
                                                    variable: Some(
                                                        SimpleVariable {
                                                            id: 5,
                                                            symbol: "$a",
                                                            stripped: "a",
                                                            span: Span {
                                                                start: 35,
                                                                end: 37,
                                                            },
                                                        },
                                                    ),
                                                    text: None,
                                                },
                                            ),
                                        },
                                    ),
                                ],
                            },
                        },
                    ),
                },
            ],
        },
    },
]
---
