[
    Statement {
        id: 3,
        kind: FullOpeningTag(
            FullOpeningTagStatement {
                id: 2,
                span: Span {
                    start: 0,
                    end: 5,
                },
            },
        ),
        span: Span {
            start: 0,
            end: 5,
        },
        comments: CommentGroup {
            id: 1,
            comments: [],
        },
    },
    Statement {
        id: 8,
        kind: Expression(
            ExpressionStatement {
                id: 7,
                span: Span {
                    start: 7,
                    end: 10,
                },
                expression: Expression {
                    id: 6,
                    kind: Array(
                        ArrayExpression {
                            id: 5,
                            span: Span {
                                start: 7,
                                end: 9,
                            },
                            kind: Short(
                                ArrayKindShort {
                                    span: Span {
                                        start: 7,
                                        end: 9,
                                    },
                                    left_bracket: Span {
                                        start: 7,
                                        end: 8,
                                    },
                                    right_bracket: Span {
                                        start: 8,
                                        end: 9,
                                    },
                                },
                            ),
                            items: CommaSeparated {
                                inner: [],
                                commas: [],
                            },
                        },
                    ),
                    span: Span {
                        start: 7,
                        end: 9,
                    },
                    comments: CommentGroup {
                        id: 0,
                        comments: [],
                    },
                },
                ending: Semicolon(
                    Span {
                        start: 9,
                        end: 10,
                    },
                ),
            },
        ),
        span: Span {
            start: 7,
            end: 10,
        },
        comments: CommentGroup {
            id: 4,
            comments: [],
        },
    },
]
---
