[
    Statement {
        id: 3,
        kind: FullOpeningTag(
            FullOpeningTagStatement {
                id: 2,
                span: Span {
                    start: 0,
                    end: 5,
                },
            },
        ),
        span: Span {
            start: 0,
            end: 5,
        },
        comments: CommentGroup {
            id: 1,
            comments: [],
        },
    },
    Statement {
        id: 36,
        kind: UnitEnum(
            UnitEnumStatement {
                id: 35,
                span: Span {
                    start: 7,
                    end: 131,
                },
                attributes: [],
                enum: Span {
                    start: 7,
                    end: 11,
                },
                name: Name {
                    id: 5,
                    kind: Resolved(
                        ResolvedName {
                            id: 5,
                            span: Span {
                                start: 12,
                                end: 15,
                            },
                            resolved: "Foo",
                            original: "Foo",
                        },
                    ),
                    span: Span {
                        start: 12,
                        end: 15,
                    },
                },
                implements: [],
                body: UnitEnumBody {
                    id: 34,
                    span: Span {
                        start: 16,
                        end: 131,
                    },
                    left_brace: Span {
                        start: 16,
                        end: 17,
                    },
                    members: [
                        Classish(
                            Method(
                                Method {
                                    id: 12,
                                    span: Span {
                                        start: 22,
                                        end: 44,
                                    },
                                    comments: CommentGroup {
                                        id: 7,
                                        comments: [],
                                    },
                                    attributes: [],
                                    modifiers: MethodModifierGroup {
                                        id: 6,
                                        span: Span {
                                            start: 22,
                                            end: 28,
                                        },
                                        modifiers: [
                                            Public(
                                                Span {
                                                    start: 22,
                                                    end: 28,
                                                },
                                            ),
                                        ],
                                    },
                                    function: Span {
                                        start: 29,
                                        end: 37,
                                    },
                                    ampersand: None,
                                    name: SimpleIdentifier {
                                        id: 8,
                                        symbol: "a",
                                        span: Span {
                                            start: 38,
                                            end: 39,
                                        },
                                    },
                                    parameters: MethodParameterList {
                                        id: 9,
                                        span: Span {
                                            start: 39,
                                            end: 41,
                                        },
                                        left_parenthesis: Span {
                                            start: 39,
                                            end: 40,
                                        },
                                        parameters: CommaSeparated {
                                            inner: [],
                                            commas: [],
                                        },
                                        right_parenthesis: Span {
                                            start: 40,
                                            end: 41,
                                        },
                                    },
                                    return_type: None,
                                    body: MethodBody {
                                        id: 11,
                                        span: Span {
                                            start: 42,
                                            end: 44,
                                        },
                                        kind: Concrete(
                                            ConcreteMethodBody {
                                                id: 10,
                                                span: Span {
                                                    start: 42,
                                                    end: 44,
                                                },
                                                left_brace: Span {
                                                    start: 42,
                                                    end: 43,
                                                },
                                                statements: [],
                                                right_brace: Span {
                                                    start: 43,
                                                    end: 44,
                                                },
                                            },
                                        ),
                                    },
                                },
                            ),
                        ),
                        Classish(
                            Method(
                                Method {
                                    id: 19,
                                    span: Span {
                                        start: 49,
                                        end: 74,
                                    },
                                    comments: CommentGroup {
                                        id: 14,
                                        comments: [],
                                    },
                                    attributes: [],
                                    modifiers: MethodModifierGroup {
                                        id: 13,
                                        span: Span {
                                            start: 49,
                                            end: 58,
                                        },
                                        modifiers: [
                                            Protected(
                                                Span {
                                                    start: 49,
                                                    end: 58,
                                                },
                                            ),
                                        ],
                                    },
                                    function: Span {
                                        start: 59,
                                        end: 67,
                                    },
                                    ampersand: None,
                                    name: SimpleIdentifier {
                                        id: 15,
                                        symbol: "b",
                                        span: Span {
                                            start: 68,
                                            end: 69,
                                        },
                                    },
                                    parameters: MethodParameterList {
                                        id: 16,
                                        span: Span {
                                            start: 69,
                                            end: 71,
                                        },
                                        left_parenthesis: Span {
                                            start: 69,
                                            end: 70,
                                        },
                                        parameters: CommaSeparated {
                                            inner: [],
                                            commas: [],
                                        },
                                        right_parenthesis: Span {
                                            start: 70,
                                            end: 71,
                                        },
                                    },
                                    return_type: None,
                                    body: MethodBody {
                                        id: 18,
                                        span: Span {
                                            start: 72,
                                            end: 74,
                                        },
                                        kind: Concrete(
                                            ConcreteMethodBody {
                                                id: 17,
                                                span: Span {
                                                    start: 72,
                                                    end: 74,
                                                },
                                                left_brace: Span {
                                                    start: 72,
                                                    end: 73,
                                                },
                                                statements: [],
                                                right_brace: Span {
                                                    start: 73,
                                                    end: 74,
                                                },
                                            },
                                        ),
                                    },
                                },
                            ),
                        ),
                        Classish(
                            Method(
                                Method {
                                    id: 26,
                                    span: Span {
                                        start: 79,
                                        end: 102,
                                    },
                                    comments: CommentGroup {
                                        id: 21,
                                        comments: [],
                                    },
                                    attributes: [],
                                    modifiers: MethodModifierGroup {
                                        id: 20,
                                        span: Span {
                                            start: 79,
                                            end: 86,
                                        },
                                        modifiers: [
                                            Private(
                                                Span {
                                                    start: 79,
                                                    end: 86,
                                                },
                                            ),
                                        ],
                                    },
                                    function: Span {
                                        start: 87,
                                        end: 95,
                                    },
                                    ampersand: None,
                                    name: SimpleIdentifier {
                                        id: 22,
                                        symbol: "c",
                                        span: Span {
                                            start: 96,
                                            end: 97,
                                        },
                                    },
                                    parameters: MethodParameterList {
                                        id: 23,
                                        span: Span {
                                            start: 97,
                                            end: 99,
                                        },
                                        left_parenthesis: Span {
                                            start: 97,
                                            end: 98,
                                        },
                                        parameters: CommaSeparated {
                                            inner: [],
                                            commas: [],
                                        },
                                        right_parenthesis: Span {
                                            start: 98,
                                            end: 99,
                                        },
                                    },
                                    return_type: None,
                                    body: MethodBody {
                                        id: 25,
                                        span: Span {
                                            start: 100,
                                            end: 102,
                                        },
                                        kind: Concrete(
                                            ConcreteMethodBody {
                                                id: 24,
                                                span: Span {
                                                    start: 100,
                                                    end: 102,
                                                },
                                                left_brace: Span {
                                                    start: 100,
                                                    end: 101,
                                                },
                                                statements: [],
                                                right_brace: Span {
                                                    start: 101,
                                                    end: 102,
                                                },
                                            },
                                        ),
                                    },
                                },
                            ),
                        ),
                        Classish(
                            Method(
                                Method {
                                    id: 33,
                                    span: Span {
                                        start: 107,
                                        end: 129,
                                    },
                                    comments: CommentGroup {
                                        id: 28,
                                        comments: [],
                                    },
                                    attributes: [],
                                    modifiers: MethodModifierGroup {
                                        id: 27,
                                        span: Span {
                                            start: 107,
                                            end: 113,
                                        },
                                        modifiers: [
                                            Static(
                                                Span {
                                                    start: 107,
                                                    end: 113,
                                                },
                                            ),
                                        ],
                                    },
                                    function: Span {
                                        start: 114,
                                        end: 122,
                                    },
                                    ampersand: None,
                                    name: SimpleIdentifier {
                                        id: 29,
                                        symbol: "d",
                                        span: Span {
                                            start: 123,
                                            end: 124,
                                        },
                                    },
                                    parameters: MethodParameterList {
                                        id: 30,
                                        span: Span {
                                            start: 124,
                                            end: 126,
                                        },
                                        left_parenthesis: Span {
                                            start: 124,
                                            end: 125,
                                        },
                                        parameters: CommaSeparated {
                                            inner: [],
                                            commas: [],
                                        },
                                        right_parenthesis: Span {
                                            start: 125,
                                            end: 126,
                                        },
                                    },
                                    return_type: None,
                                    body: MethodBody {
                                        id: 32,
                                        span: Span {
                                            start: 127,
                                            end: 129,
                                        },
                                        kind: Concrete(
                                            ConcreteMethodBody {
                                                id: 31,
                                                span: Span {
                                                    start: 127,
                                                    end: 129,
                                                },
                                                left_brace: Span {
                                                    start: 127,
                                                    end: 128,
                                                },
                                                statements: [],
                                                right_brace: Span {
                                                    start: 128,
                                                    end: 129,
                                                },
                                            },
                                        ),
                                    },
                                },
                            ),
                        ),
                    ],
                    right_brace: Span {
                        start: 130,
                        end: 131,
                    },
                },
            },
        ),
        span: Span {
            start: 7,
            end: 131,
        },
        comments: CommentGroup {
            id: 4,
            comments: [],
        },
    },
]
---
