[
    Statement {
        id: 3,
        kind: FullOpeningTag(
            FullOpeningTagStatement {
                id: 2,
                span: Span {
                    start: 0,
                    end: 5,
                },
            },
        ),
        span: Span {
            start: 0,
            end: 5,
        },
        comments: CommentGroup {
            id: 1,
            comments: [],
        },
    },
    Statement {
        id: 9,
        kind: Use(
            UseStatement {
                id: 8,
                span: Span {
                    start: 7,
                    end: 18,
                },
                kind: Normal,
                uses: [
                    Use {
                        id: 7,
                        span: Span {
                            start: 11,
                            end: 18,
                        },
                        name: Name {
                            id: 6,
                            kind: Resolved(
                                ResolvedName {
                                    id: 6,
                                    span: Span {
                                        start: 11,
                                        end: 18,
                                    },
                                    resolved: "Foo\Baz",
                                    original: "Foo\Baz",
                                },
                            ),
                            span: Span {
                                start: 11,
                                end: 18,
                            },
                        },
                        alias: None,
                        kind: Normal,
                    },
                ],
            },
        ),
        span: Span {
            start: 7,
            end: 18,
        },
        comments: CommentGroup {
            id: 4,
            comments: [],
        },
    },
    Statement {
        id: 16,
        kind: Use(
            UseStatement {
                id: 15,
                span: Span {
                    start: 20,
                    end: 38,
                },
                kind: Normal,
                uses: [
                    Use {
                        id: 14,
                        span: Span {
                            start: 24,
                            end: 38,
                        },
                        name: Name {
                            id: 12,
                            kind: Resolved(
                                ResolvedName {
                                    id: 12,
                                    span: Span {
                                        start: 24,
                                        end: 31,
                                    },
                                    resolved: "Baz\Bar",
                                    original: "Baz\Bar",
                                },
                            ),
                            span: Span {
                                start: 24,
                                end: 31,
                            },
                        },
                        alias: Some(
                            SimpleIdentifier {
                                id: 13,
                                symbol: "Qux",
                                span: Span {
                                    start: 35,
                                    end: 38,
                                },
                            },
                        ),
                        kind: Normal,
                    },
                ],
            },
        ),
        span: Span {
            start: 20,
            end: 38,
        },
        comments: CommentGroup {
            id: 10,
            comments: [],
        },
    },
    Statement {
        id: 25,
        kind: Interface(
            InterfaceStatement {
                id: 24,
                span: Span {
                    start: 41,
                    end: 86,
                },
                attributes: [],
                interface: Span {
                    start: 41,
                    end: 50,
                },
                name: Name {
                    id: 18,
                    kind: Resolved(
                        ResolvedName {
                            id: 18,
                            span: Span {
                                start: 51,
                                end: 54,
                            },
                            resolved: "Foo",
                            original: "Foo",
                        },
                    ),
                    span: Span {
                        start: 51,
                        end: 54,
                    },
                },
                extends: Some(
                    InterfaceExtends {
                        id: 22,
                        span: Span {
                            start: 55,
                            end: 81,
                        },
                        extends: Span {
                            start: 55,
                            end: 62,
                        },
                        parents: CommaSeparated {
                            inner: [
                                Name {
                                    id: 19,
                                    kind: Resolved(
                                        ResolvedName {
                                            id: 19,
                                            span: Span {
                                                start: 63,
                                                end: 66,
                                            },
                                            resolved: "Bar",
                                            original: "Bar",
                                        },
                                    ),
                                    span: Span {
                                        start: 63,
                                        end: 66,
                                    },
                                },
                                Name {
                                    id: 20,
                                    kind: Resolved(
                                        ResolvedName {
                                            id: 20,
                                            span: Span {
                                                start: 68,
                                                end: 71,
                                            },
                                            resolved: "Foo\Baz",
                                            original: "Baz",
                                        },
                                    ),
                                    span: Span {
                                        start: 68,
                                        end: 71,
                                    },
                                },
                                Name {
                                    id: 21,
                                    kind: Resolved(
                                        ResolvedName {
                                            id: 21,
                                            span: Span {
                                                start: 73,
                                                end: 81,
                                            },
                                            resolved: "Baz\Bar\Test",
                                            original: "Qux\Test",
                                        },
                                    ),
                                    span: Span {
                                        start: 73,
                                        end: 81,
                                    },
                                },
                            ],
                            commas: [
                                Span {
                                    start: 66,
                                    end: 67,
                                },
                                Span {
                                    start: 71,
                                    end: 72,
                                },
                            ],
                        },
                    },
                ),
                body: InterfaceBody {
                    id: 23,
                    span: Span {
                        start: 82,
                        end: 86,
                    },
                    left_brace: Span {
                        start: 82,
                        end: 83,
                    },
                    members: [],
                    right_brace: Span {
                        start: 85,
                        end: 86,
                    },
                },
            },
        ),
        span: Span {
            start: 41,
            end: 86,
        },
        comments: CommentGroup {
            id: 17,
            comments: [],
        },
    },
]
---
