[
    Statement {
        id: 3,
        kind: FullOpeningTag(
            FullOpeningTagStatement {
                id: 2,
                span: Span {
                    start: 0,
                    end: 5,
                },
            },
        ),
        span: Span {
            start: 0,
            end: 5,
        },
        comments: CommentGroup {
            id: 1,
            comments: [],
        },
    },
    Statement {
        id: 25,
        kind: Class(
            ClassStatement {
                id: 24,
                span: Span {
                    start: 7,
                    end: 74,
                },
                attributes: [],
                modifiers: ClassModifierGroup {
                    id: 5,
                    span: Span {
                        start: 0,
                        end: 0,
                    },
                    modifiers: [],
                },
                class: Span {
                    start: 7,
                    end: 12,
                },
                name: Name {
                    id: 6,
                    kind: Resolved(
                        ResolvedName {
                            id: 6,
                            span: Span {
                                start: 13,
                                end: 14,
                            },
                            resolved: "A",
                            original: "A",
                        },
                    ),
                    span: Span {
                        start: 13,
                        end: 14,
                    },
                },
                extends: None,
                implements: None,
                body: ClassBody {
                    id: 23,
                    span: Span {
                        start: 15,
                        end: 74,
                    },
                    left_brace: Span {
                        start: 15,
                        end: 16,
                    },
                    members: [
                        ConcreteMethod(
                            ConcreteMethod {
                                id: 22,
                                span: Span {
                                    start: 21,
                                    end: 72,
                                },
                                comments: CommentGroup {
                                    id: 8,
                                    comments: [],
                                },
                                attributes: [],
                                modifiers: MethodModifierGroup {
                                    id: 7,
                                    span: Span {
                                        start: 0,
                                        end: 0,
                                    },
                                    modifiers: [],
                                },
                                function: Span {
                                    start: 21,
                                    end: 29,
                                },
                                ampersand: None,
                                name: SimpleIdentifier {
                                    id: 9,
                                    symbol: "a",
                                    span: Span {
                                        start: 30,
                                        end: 31,
                                    },
                                },
                                parameters: FunctionParameterList {
                                    id: 19,
                                    span: Span {
                                        start: 31,
                                        end: 55,
                                    },
                                    comments: CommentGroup {
                                        id: 10,
                                        comments: [],
                                    },
                                    left_parenthesis: Span {
                                        start: 31,
                                        end: 32,
                                    },
                                    parameters: CommaSeparated {
                                        inner: [
                                            FunctionParameter {
                                                id: 13,
                                                span: Span {
                                                    start: 32,
                                                    end: 38,
                                                },
                                                comments: CommentGroup {
                                                    id: 14,
                                                    comments: [],
                                                },
                                                name: SimpleVariable {
                                                    id: 12,
                                                    symbol: "$a",
                                                    stripped: "a",
                                                    span: Span {
                                                        start: 36,
                                                        end: 38,
                                                    },
                                                },
                                                attributes: [],
                                                data_type: Some(
                                                    DataType {
                                                        id: 11,
                                                        kind: Integer,
                                                        span: Span {
                                                            start: 32,
                                                            end: 35,
                                                        },
                                                    },
                                                ),
                                                ellipsis: None,
                                                default: None,
                                                ampersand: None,
                                            },
                                            FunctionParameter {
                                                id: 17,
                                                span: Span {
                                                    start: 40,
                                                    end: 54,
                                                },
                                                comments: CommentGroup {
                                                    id: 18,
                                                    comments: [],
                                                },
                                                name: SimpleVariable {
                                                    id: 16,
                                                    symbol: "$b",
                                                    stripped: "b",
                                                    span: Span {
                                                        start: 52,
                                                        end: 54,
                                                    },
                                                },
                                                attributes: [],
                                                data_type: Some(
                                                    DataType {
                                                        id: 15,
                                                        kind: Union(
                                                            [
                                                                String,
                                                                Boolean,
                                                            ],
                                                        ),
                                                        span: Span {
                                                            start: 40,
                                                            end: 51,
                                                        },
                                                    },
                                                ),
                                                ellipsis: None,
                                                default: None,
                                                ampersand: None,
                                            },
                                        ],
                                        commas: [
                                            Span {
                                                start: 38,
                                                end: 39,
                                            },
                                        ],
                                    },
                                    right_parenthesis: Span {
                                        start: 54,
                                        end: 55,
                                    },
                                },
                                return_type: None,
                                body: MethodBody {
                                    id: 21,
                                    span: Span {
                                        start: 56,
                                        end: 72,
                                    },
                                    comments: CommentGroup {
                                        id: 20,
                                        comments: [],
                                    },
                                    left_brace: Span {
                                        start: 56,
                                        end: 57,
                                    },
                                    statements: [],
                                    right_brace: Span {
                                        start: 71,
                                        end: 72,
                                    },
                                },
                            },
                        ),
                    ],
                    right_brace: Span {
                        start: 73,
                        end: 74,
                    },
                },
            },
        ),
        span: Span {
            start: 7,
            end: 74,
        },
        comments: CommentGroup {
            id: 4,
            comments: [],
        },
    },
]
---
