[
    Statement {
        id: 3,
        kind: FullOpeningTag(
            FullOpeningTagStatement {
                id: 2,
                span: Span {
                    start: 0,
                    end: 5,
                },
            },
        ),
        span: Span {
            start: 0,
            end: 5,
        },
        comments: CommentGroup {
            id: 1,
            comments: [],
        },
    },
    Statement {
        id: 39,
        kind: Class(
            ClassStatement {
                id: 38,
                span: Span {
                    start: 7,
                    end: 90,
                },
                attributes: [],
                modifiers: ClassModifierGroup {
                    id: 5,
                    span: Span {
                        start: 0,
                        end: 0,
                    },
                    modifiers: [],
                },
                class: Span {
                    start: 7,
                    end: 12,
                },
                name: Name {
                    id: 6,
                    kind: Resolved(
                        ResolvedName {
                            id: 6,
                            span: Span {
                                start: 13,
                                end: 14,
                            },
                            resolved: "A",
                            original: "A",
                        },
                    ),
                    span: Span {
                        start: 13,
                        end: 14,
                    },
                },
                extends: None,
                implements: None,
                body: ClassBody {
                    id: 37,
                    span: Span {
                        start: 15,
                        end: 90,
                    },
                    left_brace: Span {
                        start: 15,
                        end: 16,
                    },
                    members: [
                        ConcreteMethod(
                            ConcreteMethod {
                                id: 36,
                                span: Span {
                                    start: 21,
                                    end: 88,
                                },
                                comments: CommentGroup {
                                    id: 8,
                                    comments: [],
                                },
                                attributes: [],
                                modifiers: MethodModifierGroup {
                                    id: 7,
                                    span: Span {
                                        start: 0,
                                        end: 0,
                                    },
                                    modifiers: [],
                                },
                                function: Span {
                                    start: 21,
                                    end: 29,
                                },
                                ampersand: None,
                                name: SimpleIdentifier {
                                    id: 9,
                                    symbol: "a",
                                    span: Span {
                                        start: 30,
                                        end: 31,
                                    },
                                },
                                parameters: FunctionParameterList {
                                    id: 33,
                                    span: Span {
                                        start: 31,
                                        end: 76,
                                    },
                                    comments: CommentGroup {
                                        id: 10,
                                        comments: [],
                                    },
                                    left_parenthesis: Span {
                                        start: 31,
                                        end: 32,
                                    },
                                    parameters: CommaSeparated {
                                        inner: [
                                            FunctionParameter {
                                                id: 14,
                                                span: Span {
                                                    start: 0,
                                                    end: 38,
                                                },
                                                comments: CommentGroup {
                                                    id: 15,
                                                    comments: [],
                                                },
                                                name: SimpleVariable {
                                                    id: 13,
                                                    symbol: "$a",
                                                    stripped: "a",
                                                    span: Span {
                                                        start: 36,
                                                        end: 38,
                                                    },
                                                },
                                                attributes: [],
                                                data_type: Some(
                                                    DataType {
                                                        id: 12,
                                                        kind: Named(
                                                            Name {
                                                                id: 11,
                                                                kind: Resolved(
                                                                    ResolvedName {
                                                                        id: 11,
                                                                        span: Span {
                                                                            start: 32,
                                                                            end: 35,
                                                                        },
                                                                        resolved: "Foo",
                                                                        original: "Foo",
                                                                    },
                                                                ),
                                                                span: Span {
                                                                    start: 32,
                                                                    end: 35,
                                                                },
                                                            },
                                                        ),
                                                        span: Span {
                                                            start: 0,
                                                            end: 0,
                                                        },
                                                    },
                                                ),
                                                ellipsis: None,
                                                default: None,
                                                ampersand: None,
                                            },
                                            FunctionParameter {
                                                id: 20,
                                                span: Span {
                                                    start: 0,
                                                    end: 52,
                                                },
                                                comments: CommentGroup {
                                                    id: 21,
                                                    comments: [],
                                                },
                                                name: SimpleVariable {
                                                    id: 19,
                                                    symbol: "$b",
                                                    stripped: "b",
                                                    span: Span {
                                                        start: 50,
                                                        end: 52,
                                                    },
                                                },
                                                attributes: [],
                                                data_type: Some(
                                                    DataType {
                                                        id: 18,
                                                        kind: Union(
                                                            [
                                                                Named(
                                                                    Name {
                                                                        id: 16,
                                                                        kind: Resolved(
                                                                            ResolvedName {
                                                                                id: 16,
                                                                                span: Span {
                                                                                    start: 40,
                                                                                    end: 43,
                                                                                },
                                                                                resolved: "Foo",
                                                                                original: "Foo",
                                                                            },
                                                                        ),
                                                                        span: Span {
                                                                            start: 40,
                                                                            end: 43,
                                                                        },
                                                                    },
                                                                ),
                                                                Named(
                                                                    Name {
                                                                        id: 17,
                                                                        kind: Resolved(
                                                                            ResolvedName {
                                                                                id: 17,
                                                                                span: Span {
                                                                                    start: 46,
                                                                                    end: 49,
                                                                                },
                                                                                resolved: "Bar",
                                                                                original: "Bar",
                                                                            },
                                                                        ),
                                                                        span: Span {
                                                                            start: 46,
                                                                            end: 49,
                                                                        },
                                                                    },
                                                                ),
                                                            ],
                                                        ),
                                                        span: Span {
                                                            start: 0,
                                                            end: 0,
                                                        },
                                                    },
                                                ),
                                                ellipsis: None,
                                                default: None,
                                                ampersand: None,
                                            },
                                            FunctionParameter {
                                                id: 26,
                                                span: Span {
                                                    start: 0,
                                                    end: 66,
                                                },
                                                comments: CommentGroup {
                                                    id: 27,
                                                    comments: [],
                                                },
                                                name: SimpleVariable {
                                                    id: 25,
                                                    symbol: "$c",
                                                    stripped: "c",
                                                    span: Span {
                                                        start: 64,
                                                        end: 66,
                                                    },
                                                },
                                                attributes: [],
                                                data_type: Some(
                                                    DataType {
                                                        id: 24,
                                                        kind: Intersection(
                                                            [
                                                                Named(
                                                                    Name {
                                                                        id: 22,
                                                                        kind: Resolved(
                                                                            ResolvedName {
                                                                                id: 22,
                                                                                span: Span {
                                                                                    start: 54,
                                                                                    end: 57,
                                                                                },
                                                                                resolved: "Foo",
                                                                                original: "Foo",
                                                                            },
                                                                        ),
                                                                        span: Span {
                                                                            start: 54,
                                                                            end: 57,
                                                                        },
                                                                    },
                                                                ),
                                                                Named(
                                                                    Name {
                                                                        id: 23,
                                                                        kind: Resolved(
                                                                            ResolvedName {
                                                                                id: 23,
                                                                                span: Span {
                                                                                    start: 60,
                                                                                    end: 63,
                                                                                },
                                                                                resolved: "Bar",
                                                                                original: "Bar",
                                                                            },
                                                                        ),
                                                                        span: Span {
                                                                            start: 60,
                                                                            end: 63,
                                                                        },
                                                                    },
                                                                ),
                                                            ],
                                                        ),
                                                        span: Span {
                                                            start: 0,
                                                            end: 0,
                                                        },
                                                    },
                                                ),
                                                ellipsis: None,
                                                default: None,
                                                ampersand: None,
                                            },
                                            FunctionParameter {
                                                id: 31,
                                                span: Span {
                                                    start: 0,
                                                    end: 75,
                                                },
                                                comments: CommentGroup {
                                                    id: 32,
                                                    comments: [],
                                                },
                                                name: SimpleVariable {
                                                    id: 30,
                                                    symbol: "$d",
                                                    stripped: "d",
                                                    span: Span {
                                                        start: 73,
                                                        end: 75,
                                                    },
                                                },
                                                attributes: [],
                                                data_type: Some(
                                                    DataType {
                                                        id: 29,
                                                        kind: Nullable(
                                                            Named(
                                                                Name {
                                                                    id: 28,
                                                                    kind: Resolved(
                                                                        ResolvedName {
                                                                            id: 28,
                                                                            span: Span {
                                                                                start: 69,
                                                                                end: 72,
                                                                            },
                                                                            resolved: "Foo",
                                                                            original: "Foo",
                                                                        },
                                                                    ),
                                                                    span: Span {
                                                                        start: 69,
                                                                        end: 72,
                                                                    },
                                                                },
                                                            ),
                                                        ),
                                                        span: Span {
                                                            start: 0,
                                                            end: 0,
                                                        },
                                                    },
                                                ),
                                                ellipsis: None,
                                                default: None,
                                                ampersand: None,
                                            },
                                        ],
                                        commas: [
                                            Span {
                                                start: 38,
                                                end: 39,
                                            },
                                            Span {
                                                start: 52,
                                                end: 53,
                                            },
                                            Span {
                                                start: 66,
                                                end: 67,
                                            },
                                        ],
                                    },
                                    right_parenthesis: Span {
                                        start: 75,
                                        end: 76,
                                    },
                                },
                                return_type: None,
                                body: MethodBody {
                                    id: 35,
                                    span: Span {
                                        start: 81,
                                        end: 88,
                                    },
                                    comments: CommentGroup {
                                        id: 34,
                                        comments: [],
                                    },
                                    left_brace: Span {
                                        start: 81,
                                        end: 82,
                                    },
                                    statements: [],
                                    right_brace: Span {
                                        start: 87,
                                        end: 88,
                                    },
                                },
                            },
                        ),
                    ],
                    right_brace: Span {
                        start: 89,
                        end: 90,
                    },
                },
            },
        ),
        span: Span {
            start: 7,
            end: 90,
        },
        comments: CommentGroup {
            id: 4,
            comments: [],
        },
    },
]
---
