[
    Statement {
        id: 3,
        kind: FullOpeningTag(
            FullOpeningTagStatement {
                id: 2,
                span: Span {
                    start: 0,
                    end: 5,
                },
            },
        ),
        span: Span {
            start: 0,
            end: 5,
        },
        comments: CommentGroup {
            id: 1,
            comments: [],
        },
    },
    Statement {
        id: 8,
        kind: Echo(
            EchoStatement {
                id: 7,
                span: Span {
                    start: 7,
                    end: 28,
                },
                echo: Span {
                    start: 7,
                    end: 11,
                },
                values: [
                    Expression {
                        id: 5,
                        kind: Literal(
                            Literal {
                                id: 6,
                                span: Span {
                                    start: 13,
                                    end: 26,
                                },
                                kind: String,
                                token: OwnedToken {
                                    kind: LiteralDoubleQuotedString,
                                    span: Span {
                                        start: 13,
                                        end: 26,
                                    },
                                    symbol: "Hello, world!",
                                },
                            },
                        ),
                        span: Span {
                            start: 13,
                            end: 26,
                        },
                        comments: CommentGroup {
                            id: 0,
                            comments: [],
                        },
                    },
                ],
                ending: Semicolon(
                    Span {
                        start: 27,
                        end: 28,
                    },
                ),
            },
        ),
        span: Span {
            start: 7,
            end: 28,
        },
        comments: CommentGroup {
            id: 4,
            comments: [],
        },
    },
]
---
