[
    Statement {
        id: 3,
        kind: FullOpeningTag(
            FullOpeningTagStatement {
                id: 2,
                span: Span {
                    start: 0,
                    end: 5,
                },
            },
        ),
        span: Span {
            start: 0,
            end: 5,
        },
        comments: CommentGroup {
            id: 1,
            comments: [],
        },
    },
    Statement {
        id: 8,
        kind: Expression(
            ExpressionStatement {
                id: 7,
                span: Span {
                    start: 8,
                    end: 22,
                },
                expression: Expression {
                    id: 5,
                    kind: Literal(
                        Literal {
                            id: 6,
                            span: Span {
                                start: 8,
                                end: 20,
                            },
                            kind: String,
                            token: Token {
                                kind: LiteralDoubleQuotedString,
                                span: Span {
                                    start: 8,
                                    end: 20,
                                },
                                symbol: Some(
                                    "Hello, world",
                                ),
                            },
                        },
                    ),
                    span: Span {
                        start: 8,
                        end: 20,
                    },
                    comments: CommentGroup {
                        id: 0,
                        comments: [],
                    },
                },
                ending: Semicolon(
                    Span {
                        start: 21,
                        end: 22,
                    },
                ),
            },
        ),
        span: Span {
            start: 8,
            end: 22,
        },
        comments: CommentGroup {
            id: 4,
            comments: [],
        },
    },
    Statement {
        id: 13,
        kind: Expression(
            ExpressionStatement {
                id: 12,
                span: Span {
                    start: 23,
                    end: 38,
                },
                expression: Expression {
                    id: 10,
                    kind: Literal(
                        Literal {
                            id: 11,
                            span: Span {
                                start: 23,
                                end: 37,
                            },
                            kind: String,
                            token: Token {
                                kind: LiteralSingleQuotedString,
                                span: Span {
                                    start: 23,
                                    end: 37,
                                },
                                symbol: Some(
                                    "'Hello, world'",
                                ),
                            },
                        },
                    ),
                    span: Span {
                        start: 23,
                        end: 37,
                    },
                    comments: CommentGroup {
                        id: 0,
                        comments: [],
                    },
                },
                ending: Semicolon(
                    Span {
                        start: 37,
                        end: 38,
                    },
                ),
            },
        ),
        span: Span {
            start: 23,
            end: 38,
        },
        comments: CommentGroup {
            id: 9,
            comments: [],
        },
    },
    Statement {
        id: 22,
        kind: Expression(
            ExpressionStatement {
                id: 21,
                span: Span {
                    start: 40,
                    end: 56,
                },
                expression: Expression {
                    id: 19,
                    kind: InterpolatedString(
                        InterpolatedStringExpression {
                            id: 20,
                            span: Span {
                                start: 40,
                                end: 56,
                            },
                            parts: [
                                Literal(
                                    LiteralStringPart {
                                        id: 15,
                                        span: Span {
                                            start: 40,
                                            end: 47,
                                        },
                                        value: "Hello, ",
                                    },
                                ),
                                Expression(
                                    ExpressionStringPart {
                                        id: 18,
                                        span: Span {
                                            start: 48,
                                            end: 53,
                                        },
                                        expression: Expression {
                                            id: 16,
                                            kind: Variable(
                                                SimpleVariable(
                                                    SimpleVariable {
                                                        id: 17,
                                                        symbol: "$name",
                                                        stripped: "name",
                                                        span: Span {
                                                            start: 48,
                                                            end: 53,
                                                        },
                                                    },
                                                ),
                                            ),
                                            span: Span {
                                                start: 48,
                                                end: 53,
                                            },
                                            comments: CommentGroup {
                                                id: 0,
                                                comments: [],
                                            },
                                        },
                                    },
                                ),
                            ],
                        },
                    ),
                    span: Span {
                        start: 40,
                        end: 56,
                    },
                    comments: CommentGroup {
                        id: 0,
                        comments: [],
                    },
                },
                ending: Semicolon(
                    Span {
                        start: 55,
                        end: 56,
                    },
                ),
            },
        ),
        span: Span {
            start: 40,
            end: 56,
        },
        comments: CommentGroup {
            id: 14,
            comments: [],
        },
    },
    Statement {
        id: 32,
        kind: Expression(
            ExpressionStatement {
                id: 31,
                span: Span {
                    start: 58,
                    end: 72,
                },
                expression: Expression {
                    id: 29,
                    kind: InterpolatedString(
                        InterpolatedStringExpression {
                            id: 30,
                            span: Span {
                                start: 58,
                                end: 72,
                            },
                            parts: [
                                Literal(
                                    LiteralStringPart {
                                        id: 24,
                                        span: Span {
                                            start: 58,
                                            end: 65,
                                        },
                                        value: "Hello, ",
                                    },
                                ),
                                Expression(
                                    ExpressionStringPart {
                                        id: 27,
                                        span: Span {
                                            start: 65,
                                            end: 70,
                                        },
                                        expression: Expression {
                                            id: 28,
                                            kind: Variable(
                                                SimpleVariable(
                                                    SimpleVariable {
                                                        id: 25,
                                                        symbol: "$name",
                                                        stripped: "name",
                                                        span: Span {
                                                            start: 65,
                                                            end: 70,
                                                        },
                                                    },
                                                ),
                                            ),
                                            span: Span {
                                                start: 65,
                                                end: 70,
                                            },
                                            comments: CommentGroup {
                                                id: 0,
                                                comments: [],
                                            },
                                        },
                                    },
                                ),
                            ],
                        },
                    ),
                    span: Span {
                        start: 58,
                        end: 72,
                    },
                    comments: CommentGroup {
                        id: 0,
                        comments: [],
                    },
                },
                ending: Semicolon(
                    Span {
                        start: 71,
                        end: 72,
                    },
                ),
            },
        ),
        span: Span {
            start: 58,
            end: 72,
        },
        comments: CommentGroup {
            id: 23,
            comments: [],
        },
    },
    Statement {
        id: 45,
        kind: Expression(
            ExpressionStatement {
                id: 44,
                span: Span {
                    start: 74,
                    end: 96,
                },
                expression: Expression {
                    id: 42,
                    kind: InterpolatedString(
                        InterpolatedStringExpression {
                            id: 43,
                            span: Span {
                                start: 74,
                                end: 96,
                            },
                            parts: [
                                Literal(
                                    LiteralStringPart {
                                        id: 34,
                                        span: Span {
                                            start: 74,
                                            end: 81,
                                        },
                                        value: "Hello, ",
                                    },
                                ),
                                Expression(
                                    ExpressionStringPart {
                                        id: 41,
                                        span: Span {
                                            start: 87,
                                            end: 93,
                                        },
                                        expression: Expression {
                                            id: 40,
                                            kind: PropertyFetch(
                                                PropertyFetchExpression {
                                                    id: 39,
                                                    span: Span {
                                                        start: 82,
                                                        end: 93,
                                                    },
                                                    target: Expression {
                                                        id: 35,
                                                        kind: Variable(
                                                            SimpleVariable(
                                                                SimpleVariable {
                                                                    id: 36,
                                                                    symbol: "$user",
                                                                    stripped: "user",
                                                                    span: Span {
                                                                        start: 82,
                                                                        end: 87,
                                                                    },
                                                                },
                                                            ),
                                                        ),
                                                        span: Span {
                                                            start: 82,
                                                            end: 87,
                                                        },
                                                        comments: CommentGroup {
                                                            id: 0,
                                                            comments: [],
                                                        },
                                                    },
                                                    arrow: Span {
                                                        start: 87,
                                                        end: 89,
                                                    },
                                                    property: Expression {
                                                        id: 38,
                                                        kind: Identifier(
                                                            SimpleIdentifier(
                                                                SimpleIdentifier {
                                                                    id: 37,
                                                                    symbol: "name",
                                                                    span: Span {
                                                                        start: 89,
                                                                        end: 93,
                                                                    },
                                                                },
                                                            ),
                                                        ),
                                                        span: Span {
                                                            start: 89,
                                                            end: 93,
                                                        },
                                                        comments: CommentGroup {
                                                            id: 0,
                                                            comments: [],
                                                        },
                                                    },
                                                },
                                            ),
                                            span: Span {
                                                start: 87,
                                                end: 93,
                                            },
                                            comments: CommentGroup {
                                                id: 0,
                                                comments: [],
                                            },
                                        },
                                    },
                                ),
                            ],
                        },
                    ),
                    span: Span {
                        start: 74,
                        end: 96,
                    },
                    comments: CommentGroup {
                        id: 0,
                        comments: [],
                    },
                },
                ending: Semicolon(
                    Span {
                        start: 95,
                        end: 96,
                    },
                ),
            },
        ),
        span: Span {
            start: 74,
            end: 96,
        },
        comments: CommentGroup {
            id: 33,
            comments: [],
        },
    },
    Statement {
        id: 58,
        kind: Expression(
            ExpressionStatement {
                id: 57,
                span: Span {
                    start: 98,
                    end: 118,
                },
                expression: Expression {
                    id: 55,
                    kind: InterpolatedString(
                        InterpolatedStringExpression {
                            id: 56,
                            span: Span {
                                start: 98,
                                end: 118,
                            },
                            parts: [
                                Literal(
                                    LiteralStringPart {
                                        id: 47,
                                        span: Span {
                                            start: 98,
                                            end: 105,
                                        },
                                        value: "Hello, ",
                                    },
                                ),
                                Expression(
                                    ExpressionStringPart {
                                        id: 53,
                                        span: Span {
                                            start: 105,
                                            end: 116,
                                        },
                                        expression: Expression {
                                            id: 54,
                                            kind: PropertyFetch(
                                                PropertyFetchExpression {
                                                    id: 52,
                                                    span: Span {
                                                        start: 105,
                                                        end: 116,
                                                    },
                                                    target: Expression {
                                                        id: 49,
                                                        kind: Variable(
                                                            SimpleVariable(
                                                                SimpleVariable {
                                                                    id: 48,
                                                                    symbol: "$user",
                                                                    stripped: "user",
                                                                    span: Span {
                                                                        start: 105,
                                                                        end: 110,
                                                                    },
                                                                },
                                                            ),
                                                        ),
                                                        span: Span {
                                                            start: 105,
                                                            end: 110,
                                                        },
                                                        comments: CommentGroup {
                                                            id: 0,
                                                            comments: [],
                                                        },
                                                    },
                                                    arrow: Span {
                                                        start: 110,
                                                        end: 112,
                                                    },
                                                    property: Expression {
                                                        id: 51,
                                                        kind: Identifier(
                                                            SimpleIdentifier(
                                                                SimpleIdentifier {
                                                                    id: 50,
                                                                    symbol: "name",
                                                                    span: Span {
                                                                        start: 112,
                                                                        end: 116,
                                                                    },
                                                                },
                                                            ),
                                                        ),
                                                        span: Span {
                                                            start: 112,
                                                            end: 116,
                                                        },
                                                        comments: CommentGroup {
                                                            id: 0,
                                                            comments: [],
                                                        },
                                                    },
                                                },
                                            ),
                                            span: Span {
                                                start: 105,
                                                end: 116,
                                            },
                                            comments: CommentGroup {
                                                id: 0,
                                                comments: [],
                                            },
                                        },
                                    },
                                ),
                            ],
                        },
                    ),
                    span: Span {
                        start: 98,
                        end: 118,
                    },
                    comments: CommentGroup {
                        id: 0,
                        comments: [],
                    },
                },
                ending: Semicolon(
                    Span {
                        start: 117,
                        end: 118,
                    },
                ),
            },
        ),
        span: Span {
            start: 98,
            end: 118,
        },
        comments: CommentGroup {
            id: 46,
            comments: [],
        },
    },
    Statement {
        id: 73,
        kind: Expression(
            ExpressionStatement {
                id: 72,
                span: Span {
                    start: 120,
                    end: 147,
                },
                expression: Expression {
                    id: 70,
                    kind: InterpolatedString(
                        InterpolatedStringExpression {
                            id: 71,
                            span: Span {
                                start: 120,
                                end: 147,
                            },
                            parts: [
                                Literal(
                                    LiteralStringPart {
                                        id: 60,
                                        span: Span {
                                            start: 120,
                                            end: 127,
                                        },
                                        value: "Hello, ",
                                    },
                                ),
                                Expression(
                                    ExpressionStringPart {
                                        id: 69,
                                        span: Span {
                                            start: 133,
                                            end: 144,
                                        },
                                        expression: Expression {
                                            id: 68,
                                            kind: MethodCall(
                                                MethodCallExpression {
                                                    id: 67,
                                                    span: Span {
                                                        start: 128,
                                                        end: 144,
                                                    },
                                                    target: Expression {
                                                        id: 61,
                                                        kind: Variable(
                                                            SimpleVariable(
                                                                SimpleVariable {
                                                                    id: 62,
                                                                    symbol: "$user",
                                                                    stripped: "user",
                                                                    span: Span {
                                                                        start: 128,
                                                                        end: 133,
                                                                    },
                                                                },
                                                            ),
                                                        ),
                                                        span: Span {
                                                            start: 128,
                                                            end: 133,
                                                        },
                                                        comments: CommentGroup {
                                                            id: 0,
                                                            comments: [],
                                                        },
                                                    },
                                                    arrow: Span {
                                                        start: 133,
                                                        end: 135,
                                                    },
                                                    method: Expression {
                                                        id: 64,
                                                        kind: Identifier(
                                                            SimpleIdentifier(
                                                                SimpleIdentifier {
                                                                    id: 63,
                                                                    symbol: "getName",
                                                                    span: Span {
                                                                        start: 135,
                                                                        end: 142,
                                                                    },
                                                                },
                                                            ),
                                                        ),
                                                        span: Span {
                                                            start: 135,
                                                            end: 142,
                                                        },
                                                        comments: CommentGroup {
                                                            id: 0,
                                                            comments: [],
                                                        },
                                                    },
                                                    arguments: ArgumentList {
                                                        id: 66,
                                                        span: Span {
                                                            start: 142,
                                                            end: 144,
                                                        },
                                                        comments: CommentGroup {
                                                            id: 65,
                                                            comments: [],
                                                        },
                                                        left_parenthesis: Span {
                                                            start: 142,
                                                            end: 143,
                                                        },
                                                        arguments: [],
                                                        right_parenthesis: Span {
                                                            start: 143,
                                                            end: 144,
                                                        },
                                                    },
                                                },
                                            ),
                                            span: Span {
                                                start: 133,
                                                end: 144,
                                            },
                                            comments: CommentGroup {
                                                id: 0,
                                                comments: [],
                                            },
                                        },
                                    },
                                ),
                            ],
                        },
                    ),
                    span: Span {
                        start: 120,
                        end: 147,
                    },
                    comments: CommentGroup {
                        id: 0,
                        comments: [],
                    },
                },
                ending: Semicolon(
                    Span {
                        start: 146,
                        end: 147,
                    },
                ),
            },
        ),
        span: Span {
            start: 120,
            end: 147,
        },
        comments: CommentGroup {
            id: 59,
            comments: [],
        },
    },
]
---
