[
    Statement {
        id: 3,
        kind: FullOpeningTag(
            FullOpeningTagStatement {
                id: 2,
                span: Span {
                    start: 0,
                    end: 5,
                },
            },
        ),
        span: Span {
            start: 0,
            end: 5,
        },
        comments: CommentGroup {
            id: 1,
            comments: [],
        },
    },
    Statement {
        id: 17,
        kind: Class(
            ClassStatement {
                id: 16,
                span: Span {
                    start: 7,
                    end: 43,
                },
                attributes: [],
                modifiers: ClassModifierGroup {
                    id: 5,
                    span: Span {
                        start: 0,
                        end: 0,
                    },
                    modifiers: [],
                },
                class: Span {
                    start: 7,
                    end: 12,
                },
                name: Name {
                    id: 6,
                    kind: Resolved(
                        ResolvedName {
                            id: 6,
                            span: Span {
                                start: 13,
                                end: 16,
                            },
                            resolved: "Foo",
                            original: "Foo",
                        },
                    ),
                    span: Span {
                        start: 13,
                        end: 16,
                    },
                },
                extends: None,
                implements: None,
                body: ClassBody {
                    id: 15,
                    span: Span {
                        start: 17,
                        end: 43,
                    },
                    left_brace: Span {
                        start: 17,
                        end: 18,
                    },
                    members: [
                        Constant(
                            ClassishConstant {
                                id: 14,
                                span: Span {
                                    start: 23,
                                    end: 41,
                                },
                                comments: CommentGroup {
                                    id: 8,
                                    comments: [],
                                },
                                attributes: [],
                                modifiers: ConstantModifierGroup {
                                    id: 7,
                                    span: Span {
                                        start: 0,
                                        end: 0,
                                    },
                                    modifiers: [],
                                },
                                const: Span {
                                    start: 23,
                                    end: 28,
                                },
                                data_type: Some(
                                    DataType {
                                        id: 9,
                                        kind: Integer,
                                        span: Span {
                                            start: 0,
                                            end: 0,
                                        },
                                    },
                                ),
                                entries: [
                                    ClassishConstantEntry {
                                        id: 13,
                                        span: Span {
                                            start: 33,
                                            end: 40,
                                        },
                                        name: SimpleIdentifier {
                                            id: 10,
                                            symbol: "FOO",
                                            span: Span {
                                                start: 33,
                                                end: 36,
                                            },
                                        },
                                        equals: Span {
                                            start: 37,
                                            end: 38,
                                        },
                                        value: Expression {
                                            id: 11,
                                            kind: Literal(
                                                Literal {
                                                    id: 12,
                                                    span: Span {
                                                        start: 39,
                                                        end: 40,
                                                    },
                                                    kind: Integer,
                                                    token: OwnedToken {
                                                        kind: LiteralInteger,
                                                        span: Span {
                                                            start: 39,
                                                            end: 40,
                                                        },
                                                        symbol: "1",
                                                    },
                                                },
                                            ),
                                            span: Span {
                                                start: 39,
                                                end: 40,
                                            },
                                            comments: CommentGroup {
                                                id: 0,
                                                comments: [],
                                            },
                                        },
                                    },
                                ],
                                semicolon: Span {
                                    start: 40,
                                    end: 41,
                                },
                            },
                        ),
                    ],
                    right_brace: Span {
                        start: 42,
                        end: 43,
                    },
                },
            },
        ),
        span: Span {
            start: 7,
            end: 43,
        },
        comments: CommentGroup {
            id: 4,
            comments: [],
        },
    },
]
---
